Archive member included to satisfy reference by file (symbol)

C:/ST/STM32CubeIDE_1.14.0/STM32CubeIDE/plugins/com.st.stm32cube.ide.mcu.externaltools.gnu-tools-for-stm32.11.3.rel1.win32_1.1.100.202309141235/tools/bin/../lib/gcc/arm-none-eabi/11.3.1/../../../../arm-none-eabi/lib/thumb/v7e-m+fp/hard\libc_nano.a(libc_a-exit.o)
                              C:/ST/STM32CubeIDE_1.14.0/STM32CubeIDE/plugins/com.st.stm32cube.ide.mcu.externaltools.gnu-tools-for-stm32.11.3.rel1.win32_1.1.100.202309141235/tools/bin/../lib/gcc/arm-none-eabi/11.3.1/../../../../arm-none-eabi/lib/thumb/v7e-m+fp/hard/crt0.o (exit)
C:/ST/STM32CubeIDE_1.14.0/STM32CubeIDE/plugins/com.st.stm32cube.ide.mcu.externaltools.gnu-tools-for-stm32.11.3.rel1.win32_1.1.100.202309141235/tools/bin/../lib/gcc/arm-none-eabi/11.3.1/../../../../arm-none-eabi/lib/thumb/v7e-m+fp/hard\libc_nano.a(libc_a-rand.o)
                              ./Core/Src/AD5940_SPI.o (srand)
C:/ST/STM32CubeIDE_1.14.0/STM32CubeIDE/plugins/com.st.stm32cube.ide.mcu.externaltools.gnu-tools-for-stm32.11.3.rel1.win32_1.1.100.202309141235/tools/bin/../lib/gcc/arm-none-eabi/11.3.1/../../../../arm-none-eabi/lib/thumb/v7e-m+fp/hard\libc_nano.a(libc_a-nano-vfprintf_float.o)
                              (_printf_float)
C:/ST/STM32CubeIDE_1.14.0/STM32CubeIDE/plugins/com.st.stm32cube.ide.mcu.externaltools.gnu-tools-for-stm32.11.3.rel1.win32_1.1.100.202309141235/tools/bin/../lib/gcc/arm-none-eabi/11.3.1/../../../../arm-none-eabi/lib/thumb/v7e-m+fp/hard\libc_nano.a(libc_a-nano-vfprintf_i.o)
                              C:/ST/STM32CubeIDE_1.14.0/STM32CubeIDE/plugins/com.st.stm32cube.ide.mcu.externaltools.gnu-tools-for-stm32.11.3.rel1.win32_1.1.100.202309141235/tools/bin/../lib/gcc/arm-none-eabi/11.3.1/../../../../arm-none-eabi/lib/thumb/v7e-m+fp/hard\libc_nano.a(libc_a-nano-vfprintf_float.o) (_printf_common)
C:/ST/STM32CubeIDE_1.14.0/STM32CubeIDE/plugins/com.st.stm32cube.ide.mcu.externaltools.gnu-tools-for-stm32.11.3.rel1.win32_1.1.100.202309141235/tools/bin/../lib/gcc/arm-none-eabi/11.3.1/../../../../arm-none-eabi/lib/thumb/v7e-m+fp/hard\libc_nano.a(libc_a-findfp.o)
                              C:/ST/STM32CubeIDE_1.14.0/STM32CubeIDE/plugins/com.st.stm32cube.ide.mcu.externaltools.gnu-tools-for-stm32.11.3.rel1.win32_1.1.100.202309141235/tools/bin/../lib/gcc/arm-none-eabi/11.3.1/../../../../arm-none-eabi/lib/thumb/v7e-m+fp/hard\libc_nano.a(libc_a-exit.o) (__stdio_exit_handler)
C:/ST/STM32CubeIDE_1.14.0/STM32CubeIDE/plugins/com.st.stm32cube.ide.mcu.externaltools.gnu-tools-for-stm32.11.3.rel1.win32_1.1.100.202309141235/tools/bin/../lib/gcc/arm-none-eabi/11.3.1/../../../../arm-none-eabi/lib/thumb/v7e-m+fp/hard\libc_nano.a(libc_a-fwalk.o)
                              C:/ST/STM32CubeIDE_1.14.0/STM32CubeIDE/plugins/com.st.stm32cube.ide.mcu.externaltools.gnu-tools-for-stm32.11.3.rel1.win32_1.1.100.202309141235/tools/bin/../lib/gcc/arm-none-eabi/11.3.1/../../../../arm-none-eabi/lib/thumb/v7e-m+fp/hard\libc_nano.a(libc_a-findfp.o) (_fwalk_sglue)
C:/ST/STM32CubeIDE_1.14.0/STM32CubeIDE/plugins/com.st.stm32cube.ide.mcu.externaltools.gnu-tools-for-stm32.11.3.rel1.win32_1.1.100.202309141235/tools/bin/../lib/gcc/arm-none-eabi/11.3.1/../../../../arm-none-eabi/lib/thumb/v7e-m+fp/hard\libc_nano.a(libc_a-printf.o)
                              ./Core/Src/AD5940_SPI.o (printf)
C:/ST/STM32CubeIDE_1.14.0/STM32CubeIDE/plugins/com.st.stm32cube.ide.mcu.externaltools.gnu-tools-for-stm32.11.3.rel1.win32_1.1.100.202309141235/tools/bin/../lib/gcc/arm-none-eabi/11.3.1/../../../../arm-none-eabi/lib/thumb/v7e-m+fp/hard\libc_nano.a(libc_a-puts.o)
                              ./Core/Src/AD5940_SPI.o (puts)
C:/ST/STM32CubeIDE_1.14.0/STM32CubeIDE/plugins/com.st.stm32cube.ide.mcu.externaltools.gnu-tools-for-stm32.11.3.rel1.win32_1.1.100.202309141235/tools/bin/../lib/gcc/arm-none-eabi/11.3.1/../../../../arm-none-eabi/lib/thumb/v7e-m+fp/hard\libc_nano.a(libc_a-stdio.o)
                              C:/ST/STM32CubeIDE_1.14.0/STM32CubeIDE/plugins/com.st.stm32cube.ide.mcu.externaltools.gnu-tools-for-stm32.11.3.rel1.win32_1.1.100.202309141235/tools/bin/../lib/gcc/arm-none-eabi/11.3.1/../../../../arm-none-eabi/lib/thumb/v7e-m+fp/hard\libc_nano.a(libc_a-findfp.o) (__sread)
C:/ST/STM32CubeIDE_1.14.0/STM32CubeIDE/plugins/com.st.stm32cube.ide.mcu.externaltools.gnu-tools-for-stm32.11.3.rel1.win32_1.1.100.202309141235/tools/bin/../lib/gcc/arm-none-eabi/11.3.1/../../../../arm-none-eabi/lib/thumb/v7e-m+fp/hard\libc_nano.a(libc_a-wbuf.o)
                              C:/ST/STM32CubeIDE_1.14.0/STM32CubeIDE/plugins/com.st.stm32cube.ide.mcu.externaltools.gnu-tools-for-stm32.11.3.rel1.win32_1.1.100.202309141235/tools/bin/../lib/gcc/arm-none-eabi/11.3.1/../../../../arm-none-eabi/lib/thumb/v7e-m+fp/hard\libc_nano.a(libc_a-puts.o) (__swbuf_r)
[...]
Memory Configuration

Name             Origin             Length             Attributes
RAM              0x0000000020000000 0x0000000000018000 xrw
FLASH            0x0000000008000000 0x0000000000080000 xr
*default*        0x0000000000000000 0xffffffffffffffff

Linker script and memory map

LOAD C:/ST/STM32CubeIDE_1.14.0/STM32CubeIDE/plugins/com.st.stm32cube.ide.mcu.externaltools.gnu-tools-for-stm32.11.3.rel1.win32_1.1.100.202309141235/tools/bin/../lib/gcc/arm-none-eabi/11.3.1/thumb/v7e-m+fp/hard/crti.o
LOAD C:/ST/STM32CubeIDE_1.14.0/STM32CubeIDE/plugins/com.st.stm32cube.ide.mcu.externaltools.gnu-tools-for-stm32.11.3.rel1.win32_1.1.100.202309141235/tools/bin/../lib/gcc/arm-none-eabi/11.3.1/thumb/v7e-m+fp/hard/crtbegin.o
LOAD C:/ST/STM32CubeIDE_1.14.0/STM32CubeIDE/plugins/com.st.stm32cube.ide.mcu.externaltools.gnu-tools-for-stm32.11.3.rel1.win32_1.1.100.202309141235/tools/bin/../lib/gcc/arm-none-eabi/11.3.1/../../../../arm-none-eabi/lib/thumb/v7e-m+fp/hard/crt0.o
LOAD ./AD5940Lib/Src/NUCLEOF401Port.o
LOAD ./AD5940Lib/Src/ad5940.o
LOAD ./Core/Src/AD5940Main.o
LOAD ./Core/Src/AD5940_SPI.o
LOAD ./Core/Src/BodyImpedance.o
LOAD ./Core/Src/main.o
LOAD ./Core/Src/printf-stdarg.o
LOAD ./Core/Src/stm32f4xx_hal_msp.o
LOAD ./Core/Src/stm32f4xx_it.o
LOAD ./Core/Src/syscalls.o
LOAD ./Core/Src/sysmem.o
LOAD ./Core/Src/system_stm32f4xx.o
LOAD ./Core/Startup/startup_stm32f401retx.o
LOAD ./Drivers/STM32F4xx_HAL_Driver/Src/stm32f4xx_hal.o
LOAD ./Drivers/STM32F4xx_HAL_Driver/Src/stm32f4xx_hal_cortex.o
LOAD ./Drivers/STM32F4xx_HAL_Driver/Src/stm32f4xx_hal_dma.o
LOAD ./Drivers/STM32F4xx_HAL_Driver/Src/stm32f4xx_hal_dma_ex.o
LOAD ./Drivers/STM32F4xx_HAL_Driver/Src/stm32f4xx_hal_exti.o
LOAD ./Drivers/STM32F4xx_HAL_Driver/Src/stm32f4xx_hal_flash.o
LOAD ./Drivers/STM32F4xx_HAL_Driver/Src/stm32f4xx_hal_flash_ex.o
LOAD ./Drivers/STM32F4xx_HAL_Driver/Src/stm32f4xx_hal_flash_ramfunc.o
LOAD ./Drivers/STM32F4xx_HAL_Driver/Src/stm32f4xx_hal_gpio.o
LOAD ./Drivers/STM32F4xx_HAL_Driver/Src/stm32f4xx_hal_pwr.o
LOAD ./Drivers/STM32F4xx_HAL_Driver/Src/stm32f4xx_hal_pwr_ex.o
LOAD ./Drivers/STM32F4xx_HAL_Driver/Src/stm32f4xx_hal_rcc.o
LOAD ./Drivers/STM32F4xx_HAL_Driver/Src/stm32f4xx_hal_rcc_ex.o
LOAD ./Drivers/STM32F4xx_HAL_Driver/Src/stm32f4xx_hal_spi.o
LOAD ./Drivers/STM32F4xx_HAL_Driver/Src/stm32f4xx_hal_tim.o
LOAD ./Drivers/STM32F4xx_HAL_Driver/Src/stm32f4xx_hal_tim_ex.o
LOAD ./Drivers/STM32F4xx_HAL_Driver/Src/stm32f4xx_hal_uart.o
START GROUP
LOAD C:/ST/STM32CubeIDE_1.14.0/STM32CubeIDE/plugins/com.st.stm32cube.ide.mcu.externaltools.gnu-tools-for-stm32.11.3.rel1.win32_1.1.100.202309141235/tools/bin/../lib/gcc/arm-none-eabi/11.3.1/../../../../arm-none-eabi/lib/thumb/v7e-m+fp/hard\libc_nano.a
LOAD C:/ST/STM32CubeIDE_1.14.0/STM32CubeIDE/plugins/com.st.stm32cube.ide.mcu.externaltools.gnu-tools-for-stm32.11.3.rel1.win32_1.1.100.202309141235/tools/bin/../lib/gcc/arm-none-eabi/11.3.1/../../../../arm-none-eabi/lib/thumb/v7e-m+fp/hard\libm.a
END GROUP
START GROUP
LOAD C:/ST/STM32CubeIDE_1.14.0/STM32CubeIDE/plugins/com.st.stm32cube.ide.mcu.externaltools.gnu-tools-for-stm32.11.3.rel1.win32_1.1.100.202309141235/tools/bin/../lib/gcc/arm-none-eabi/11.3.1/thumb/v7e-m+fp/hard\libgcc.a
LOAD C:/ST/STM32CubeIDE_1.14.0/STM32CubeIDE/plugins/com.st.stm32cube.ide.mcu.externaltools.gnu-tools-for-stm32.11.3.rel1.win32_1.1.100.202309141235/tools/bin/../lib/gcc/arm-none-eabi/11.3.1/../../../../arm-none-eabi/lib/thumb/v7e-m+fp/hard\libc_nano.a
END GROUP
START GROUP
LOAD C:/ST/STM32CubeIDE_1.14.0/STM32CubeIDE/plugins/com.st.stm32cube.ide.mcu.externaltools.gnu-tools-for-stm32.11.3.rel1.win32_1.1.100.202309141235/tools/bin/../lib/gcc/arm-none-eabi/11.3.1/thumb/v7e-m+fp/hard\libgcc.a
LOAD C:/ST/STM32CubeIDE_1.14.0/STM32CubeIDE/plugins/com.st.stm32cube.ide.mcu.externaltools.gnu-tools-for-stm32.11.3.rel1.win32_1.1.100.202309141235/tools/bin/../lib/gcc/arm-none-eabi/11.3.1/../../../../arm-none-eabi/lib/thumb/v7e-m+fp/hard\libc_nano.a
LOAD C:/ST/STM32CubeIDE_1.14.0/STM32CubeIDE/plugins/com.st.stm32cube.ide.mcu.externaltools.gnu-tools-for-stm32.11.3.rel1.win32_1.1.100.202309141235/tools/bin/../lib/gcc/arm-none-eabi/11.3.1/../../../../arm-none-eabi/lib/thumb/v7e-m+fp/hard\libnosys.a
END GROUP
START GROUP
LOAD C:/ST/STM32CubeIDE_1.14.0/STM32CubeIDE/plugins/com.st.stm32cube.ide.mcu.externaltools.gnu-tools-for-stm32.11.3.rel1.win32_1.1.100.202309141235/tools/bin/../lib/gcc/arm-none-eabi/11.3.1/thumb/v7e-m+fp/hard\libgcc.a
LOAD C:/ST/STM32CubeIDE_1.14.0/STM32CubeIDE/plugins/com.st.stm32cube.ide.mcu.externaltools.gnu-tools-for-stm32.11.3.rel1.win32_1.1.100.202309141235/tools/bin/../lib/gcc/arm-none-eabi/11.3.1/../../../../arm-none-eabi/lib/thumb/v7e-m+fp/hard\libc_nano.a
LOAD C:/ST/STM32CubeIDE_1.14.0/STM32CubeIDE/plugins/com.st.stm32cube.ide.mcu.externaltools.gnu-tools-for-stm32.11.3.rel1.win32_1.1.100.202309141235/tools/bin/../lib/gcc/arm-none-eabi/11.3.1/../../../../arm-none-eabi/lib/thumb/v7e-m+fp/hard\libnosys.a
END GROUP
LOAD C:/ST/STM32CubeIDE_1.14.0/STM32CubeIDE/plugins/com.st.stm32cube.ide.mcu.externaltools.gnu-tools-for-stm32.11.3.rel1.win32_1.1.100.202309141235/tools/bin/../lib/gcc/arm-none-eabi/11.3.1/thumb/v7e-m+fp/hard/crtend.o
LOAD C:/ST/STM32CubeIDE_1.14.0/STM32CubeIDE/plugins/com.st.stm32cube.ide.mcu.externaltools.gnu-tools-for-stm32.11.3.rel1.win32_1.1.100.202309141235/tools/bin/../lib/gcc/arm-none-eabi/11.3.1/thumb/v7e-m+fp/hard/crtn.o
                0x0000000020018000                _estack = (ORIGIN (RAM) + LENGTH (RAM))
                0x0000000000000200                _Min_Heap_Size = 0x200
                0x0000000000000400                _Min_Stack_Size = 0x400

.isr_vector     0x0000000008000000      0x194
                0x0000000008000000                . = ALIGN (0x4)
 *(.isr_vector)
 .isr_vector    0x0000000008000000      0x194 ./Core/Startup/startup_stm32f401retx.o
                0x0000000008000000                g_pfnVectors
                0x0000000008000194                . = ALIGN (0x4)

.text           0x00000000080001a0     0xca8c
                0x00000000080001a0                . = ALIGN (0x4)
 *(.text)
 .text          0x00000000080001a0       0x40 C:/ST/STM32CubeIDE_1.14.0/STM32CubeIDE/plugins/com.st.stm32cube.ide.mcu.externaltools.gnu-tools-for-stm32.11.3.rel1.win32_1.1.100.202309141235/tools/bin/../lib/gcc/arm-none-eabi/11.3.1/thumb/v7e-m+fp/hard/crtbegin.o
 .text          0x00000000080001e0       0xa0 C:/ST/STM32CubeIDE_1.14.0/STM32CubeIDE/plugins/com.st.stm32cube.ide.mcu.externaltools.gnu-tools-for-stm32.11.3.rel1.win32_1.1.100.202309141235/tools/bin/../lib/gcc/arm-none-eabi/11.3.1/../../../../arm-none-eabi/lib/thumb/v7e-m+fp/hard\libc_nano.a(libc_a-memchr.o)
                0x00000000080001e0                memchr
 .text          0x0000000008000280       0x10 C:/ST/STM32CubeIDE_1.14.0/STM32CubeIDE/plugins/com.st.stm32cube.ide.mcu.externaltools.gnu-tools-for-stm32.11.3.rel1.win32_1.1.100.202309141235/tools/bin/../lib/gcc/arm-none-eabi/11.3.1/../../../../arm-none-eabi/lib/thumb/v7e-m+fp/hard\libc_nano.a(libc_a-strlen.o)
                0x0000000008000280                strlen
 .text          0x0000000008000290      0x378 C:/ST/STM32CubeIDE_1.14.0/STM32CubeIDE/plugins/com.st.stm32cube.ide.mcu.externaltools.gnu-tools-for-stm32.11.3.rel1.win32_1.1.100.202309141235/tools/bin/../lib/gcc/arm-none-eabi/11.3.1/thumb/v7e-m+fp/hard\libgcc.a(_arm_addsubdf3.o)
                0x0000000008000290                __aeabi_drsub
                0x0000000008000298                __aeabi_dsub
                0x0000000008000298                __subdf3
                0x000000000800029c                __aeabi_dadd
                0x000000000800029c                __adddf3
                0x0000000008000514                __floatunsidf
                0x0000000008000514                __aeabi_ui2d
                0x0000000008000534                __floatsidf
                0x0000000008000534                __aeabi_i2d
                0x0000000008000558                __aeabi_f2d
                0x0000000008000558                __extendsfdf2
                0x000000000800059c                __floatundidf
                0x000000000800059c                __aeabi_ul2d
                0x00000000080005ac                __floatdidf
                0x00000000080005ac                __aeabi_l2d
 .text          0x0000000008000608      0x424 C:/ST/STM32CubeIDE_1.14.0/STM32CubeIDE/plugins/com.st.stm32cube.ide.mcu.externaltools.gnu-tools-for-stm32.11.3.rel1.win32_1.1.100.202309141235/tools/bin/../lib/gcc/arm-none-eabi/11.3.1/thumb/v7e-m+fp/hard\libgcc.a(_arm_muldivdf3.o)
                0x0000000008000608                __aeabi_dmul
                0x0000000008000608                __muldf3
                0x000000000800085c                __divdf3
                0x000000000800085c                __aeabi_ddiv
 .text          0x0000000008000a2c      0x110 C:/ST/STM32CubeIDE_1.14.0/STM32CubeIDE/plugins/com.st.stm32cube.ide.mcu.externaltools.gnu-tools-for-stm32.11.3.rel1.win32_1.1.100.202309141235/tools/bin/../lib/gcc/arm-none-eabi/11.3.1/thumb/v7e-m+fp/hard\libgcc.a(_arm_cmpdf2.o)
                0x0000000008000a2c                __gtdf2
                0x0000000008000a2c                __gedf2
                0x0000000008000a34                __ltdf2
                0x0000000008000a34                __ledf2
                0x0000000008000a3c                __nedf2
                0x0000000008000a3c                __eqdf2
                0x0000000008000a3c                __cmpdf2
                0x0000000008000ab8                __aeabi_cdrcmple
                0x0000000008000ac8                __aeabi_cdcmpeq
                0x0000000008000ac8                __aeabi_cdcmple
                0x0000000008000ad8                __aeabi_dcmpeq
                0x0000000008000aec                __aeabi_dcmplt
                0x0000000008000b00                __aeabi_dcmple
                0x0000000008000b14                __aeabi_dcmpge
                0x0000000008000b28                __aeabi_dcmpgt
 .text          0x0000000008000b3c       0x2c C:/ST/STM32CubeIDE_1.14.0/STM32CubeIDE/plugins/com.st.stm32cube.ide.mcu.externaltools.gnu-tools-for-stm32.11.3.rel1.win32_1.1.100.202309141235/tools/bin/../lib/gcc/arm-none-eabi/11.3.1/thumb/v7e-m+fp/hard\libgcc.a(_arm_unorddf2.o)
                0x0000000008000b3c                __unorddf2
                0x0000000008000b3c                __aeabi_dcmpun
 .text          0x0000000008000b68       0x50 C:/ST/STM32CubeIDE_1.14.0/STM32CubeIDE/plugins/com.st.stm32cube.ide.mcu.externaltools.gnu-tools-for-stm32.11.3.rel1.win32_1.1.100.202309141235/tools/bin/../lib/gcc/arm-none-eabi/11.3.1/thumb/v7e-m+fp/hard\libgcc.a(_arm_fixdfsi.o)
                0x0000000008000b68                __aeabi_d2iz
                0x0000000008000b68                __fixdfsi
 .text          0x0000000008000bb8       0x40 C:/ST/STM32CubeIDE_1.14.0/STM32CubeIDE/plugins/com.st.stm32cube.ide.mcu.externaltools.gnu-tools-for-stm32.11.3.rel1.win32_1.1.100.202309141235/tools/bin/../lib/gcc/arm-none-eabi/11.3.1/thumb/v7e-m+fp/hard\libgcc.a(_arm_fixunsdfsi.o)
                0x0000000008000bb8                __aeabi_d2uiz
                0x0000000008000bb8                __fixunsdfsi
 .text          0x0000000008000bf8       0xa0 C:/ST/STM32CubeIDE_1.14.0/STM32CubeIDE/plugins/com.st.stm32cube.ide.mcu.externaltools.gnu-tools-for-stm32.11.3.rel1.win32_1.1.100.202309141235/tools/bin/../lib/gcc/arm-none-eabi/11.3.1/thumb/v7e-m+fp/hard\libgcc.a(_arm_truncdfsf2.o)
                0x0000000008000bf8                __truncdfsf2
                0x0000000008000bf8                __aeabi_d2f
 .text          0x0000000008000c98      0x21c C:/ST/STM32CubeIDE_1.14.0/STM32CubeIDE/plugins/com.st.stm32cube.ide.mcu.externaltools.gnu-tools-for-stm32.11.3.rel1.win32_1.1.100.202309141235/tools/bin/../lib/gcc/arm-none-eabi/11.3.1/thumb/v7e-m+fp/hard\libgcc.a(_arm_addsubsf3.o)
                0x0000000008000c98                __aeabi_frsub
                0x0000000008000ca0                __subsf3
                0x0000000008000ca0                __aeabi_fsub
                0x0000000008000ca4                __aeabi_fadd
                0x0000000008000ca4                __addsf3
                0x0000000008000e04                __aeabi_ui2f
                0x0000000008000e04                __floatunsisf
                0x0000000008000e0c                __aeabi_i2f
                0x0000000008000e0c                __floatsisf
                0x0000000008000e28                __aeabi_ul2f
                0x0000000008000e28                __floatundisf
                0x0000000008000e38                __aeabi_l2f
                0x0000000008000e38                __floatdisf
 .text          0x0000000008000eb4       0x30 C:/ST/STM32CubeIDE_1.14.0/STM32CubeIDE/plugins/com.st.stm32cube.ide.mcu.externaltools.gnu-tools-for-stm32.11.3.rel1.win32_1.1.100.202309141235/tools/bin/../lib/gcc/arm-none-eabi/11.3.1/thumb/v7e-m+fp/hard\libgcc.a(_aeabi_uldivmod.o)
                0x0000000008000eb4                __aeabi_uldivmod
 .text          0x0000000008000ee4      0x2c8 C:/ST/STM32CubeIDE_1.14.0/STM32CubeIDE/plugins/com.st.stm32cube.ide.mcu.externaltools.gnu-tools-for-stm32.11.3.rel1.win32_1.1.100.202309141235/tools/bin/../lib/gcc/arm-none-eabi/11.3.1/thumb/v7e-m+fp/hard\libgcc.a(_udivmoddi4.o)
                0x0000000008000ee4                __udivmoddi4
 .text          0x00000000080011ac        0x4 C:/ST/STM32CubeIDE_1.14.0/STM32CubeIDE/plugins/com.st.stm32cube.ide.mcu.externaltools.gnu-tools-for-stm32.11.3.rel1.win32_1.1.100.202309141235/tools/bin/../lib/gcc/arm-none-eabi/11.3.1/thumb/v7e-m+fp/hard\libgcc.a(_dvmd_tls.o)
                0x00000000080011ac                __aeabi_idiv0
                0x00000000080011ac                __aeabi_ldiv0
 *(.text*)
 .text.AD5940_ReadWriteNBytes
                0x00000000080011b0       0x2c ./AD5940Lib/Src/NUCLEOF401Port.o
                0x00000000080011b0                AD5940_ReadWriteNBytes
 .text.AD5940_CsClr
                0x00000000080011dc       0x18 ./AD5940Lib/Src/NUCLEOF401Port.o
                0x00000000080011dc                AD5940_CsClr
 .text.AD5940_CsSet
                0x00000000080011f4       0x18 ./AD5940Lib/Src/NUCLEOF401Port.o
                0x00000000080011f4                AD5940_CsSet
 .text.AD5940_RstSet
                0x000000000800120c       0x18 ./AD5940Lib/Src/NUCLEOF401Port.o
                0x000000000800120c                AD5940_RstSet
 .text.AD5940_RstClr
                0x0000000008001224       0x18 ./AD5940Lib/Src/NUCLEOF401Port.o
                0x0000000008001224                AD5940_RstClr
 .text.AD5940_Delay10us
                0x000000000800123c       0x30 ./AD5940Lib/Src/NUCLEOF401Port.o
                0x000000000800123c                AD5940_Delay10us
 .text.AD5940_GetMCUIntFlag
                0x000000000800126c       0x18 ./AD5940Lib/Src/NUCLEOF401Port.o
                0x000000000800126c                AD5940_GetMCUIntFlag
 .text.AD5940_ClrMCUIntFlag
                0x0000000008001284       0x1c ./AD5940Lib/Src/NUCLEOF401Port.o
                0x0000000008001284                AD5940_ClrMCUIntFlag
 .text.AD5940_MCUResourceInit
                0x00000000080012a0      0x1dc ./AD5940Lib/Src/NUCLEOF401Port.o
                0x00000000080012a0                AD5940_MCUResourceInit
 .text.EXTI15_10_IRQHandler
                0x000000000800147c       0x24 ./AD5940Lib/Src/NUCLEOF401Port.o
                0x000000000800147c                EXTI15_10_IRQHandler
 .text.AD5940_SEQGenInsert
                0x00000000080014a0       0x54 ./AD5940Lib/Src/ad5940.o
                0x00000000080014a0                AD5940_SEQGenInsert
 .text.AD5940_SEQGenSearchReg
                0x00000000080014f4       0x5c ./AD5940Lib/Src/ad5940.o
 .text.AD5940_SEQGenGetRegDefault
                0x0000000008001550       0x24 ./AD5940Lib/Src/ad5940.o
 .text.AD5940_SEQRegInfoInsert
                0x0000000008001574       0x70 ./AD5940Lib/Src/ad5940.o
 .text.AD5940_SEQReadReg
                0x00000000080015e4       0x5c ./AD5940Lib/Src/ad5940.o
 .text.AD5940_SEQWriteReg
                0x0000000008001640       0x9c ./AD5940Lib/Src/ad5940.o
 .text.AD5940_SEQGenInit
                0x00000000080016dc       0x58 ./AD5940Lib/Src/ad5940.o
                0x00000000080016dc                AD5940_SEQGenInit
 .text.AD5940_SEQGenFetchSeq
                0x0000000008001734       0x40 ./AD5940Lib/Src/ad5940.o
                0x0000000008001734                AD5940_SEQGenFetchSeq
 .text.AD5940_SEQGenCtrl
                0x0000000008001774       0x3c ./AD5940Lib/Src/ad5940.o
                0x0000000008001774                AD5940_SEQGenCtrl
 .text.AD5940_SEQCycleTime
                0x00000000080017b0       0x7c ./AD5940Lib/Src/ad5940.o
                0x00000000080017b0                AD5940_SEQCycleTime
 .text._is_value_in_table
                0x000000000800182c       0x4e ./AD5940Lib/Src/ad5940.o
 *fill*         0x000000000800187a        0x2 
 .text.AD5940_Notch50HzAvailable
                0x000000000800187c      0x164 ./AD5940Lib/Src/ad5940.o
                0x000000000800187c                AD5940_Notch50HzAvailable
 .text.AD5940_Notch60HzAvailable
                0x00000000080019e0      0x128 ./AD5940Lib/Src/ad5940.o
                0x00000000080019e0                AD5940_Notch60HzAvailable
 .text.AD5940_ClksCalculate
                0x0000000008001b08      0x2a8 ./AD5940Lib/Src/ad5940.o
                0x0000000008001b08                AD5940_ClksCalculate
 .text.AD5940_SweepNext
                0x0000000008001db0      0x310 ./AD5940Lib/Src/ad5940.o
                0x0000000008001db0                AD5940_SweepNext
 .text.AD5940_StructInit
                0x00000000080020c0       0x1c ./AD5940Lib/Src/ad5940.o
                0x00000000080020c0                AD5940_StructInit
 .text.AD5940_ComplexDivInt
                0x00000000080020dc      0x118 ./AD5940Lib/Src/ad5940.o
                0x00000000080020dc                AD5940_ComplexDivInt
 .text.AD5940_ComplexMag
                0x00000000080021f4       0x5c ./AD5940Lib/Src/ad5940.o
                0x00000000080021f4                AD5940_ComplexMag
 .text.AD5940_ComplexPhase
                0x0000000008002250       0x4c ./AD5940Lib/Src/ad5940.o
                0x0000000008002250                AD5940_ComplexPhase
 .text.AD5940_ReadWrite8B
                0x000000000800229c       0x28 ./AD5940Lib/Src/ad5940.o
 .text.AD5940_ReadWrite16B
                0x00000000080022c4       0x42 ./AD5940Lib/Src/ad5940.o
 .text.AD5940_ReadWrite32B
                0x0000000008002306       0x52 ./AD5940Lib/Src/ad5940.o
 .text.AD5940_SPIWriteReg
                0x0000000008002358       0x5c ./AD5940Lib/Src/ad5940.o
 .text.AD5940_SPIReadReg
                0x00000000080023b4       0x68 ./AD5940Lib/Src/ad5940.o
 .text.AD5940_FIFORd
                0x000000000800241c       0xe4 ./AD5940Lib/Src/ad5940.o
                0x000000000800241c                AD5940_FIFORd
 .text.AD5940_WriteReg
                0x0000000008002500       0x38 ./AD5940Lib/Src/ad5940.o
                0x0000000008002500                AD5940_WriteReg
 .text.AD5940_ReadReg
                0x0000000008002538       0x34 ./AD5940Lib/Src/ad5940.o
                0x0000000008002538                AD5940_ReadReg
 .text.AD5940_Initialize
                0x000000000800256c       0xb4 ./AD5940Lib/Src/ad5940.o
                0x000000000800256c                AD5940_Initialize
 .text.AD5940_AFECtrlS
                0x0000000008002620       0xaa ./AD5940Lib/Src/ad5940.o
                0x0000000008002620                AD5940_AFECtrlS
 .text.AD5940_AFEPwrBW
                0x00000000080026ca       0x2a ./AD5940Lib/Src/ad5940.o
                0x00000000080026ca                AD5940_AFEPwrBW
 .text.AD5940_REFCfgS
                0x00000000080026f4      0x10e ./AD5940Lib/Src/ad5940.o
                0x00000000080026f4                AD5940_REFCfgS
 .text.AD5940_HSLoopCfgS
                0x0000000008002802       0x36 ./AD5940Lib/Src/ad5940.o
                0x0000000008002802                AD5940_HSLoopCfgS
 .text.AD5940_SWMatrixCfgS
                0x0000000008002838       0x54 ./AD5940Lib/Src/ad5940.o
                0x0000000008002838                AD5940_SWMatrixCfgS
 .text.AD5940_HSDacCfgS
                0x000000000800288c       0x4e ./AD5940Lib/Src/ad5940.o
                0x000000000800288c                AD5940_HSDacCfgS
 *fill*         0x00000000080028da        0x2 
 .text.__AD5940_SetDExRTIA
                0x00000000080028dc       0x90 ./AD5940Lib/Src/ad5940.o
 .text.AD5940_HSTIACfgS
                0x000000000800296c       0x9c ./AD5940Lib/Src/ad5940.o
                0x000000000800296c                AD5940_HSTIACfgS
 .text.AD5940_WGCfgS
                0x0000000008002a08       0xf8 ./AD5940Lib/Src/ad5940.o
                0x0000000008002a08                AD5940_WGCfgS
 .text.AD5940_WGFreqCtrlS
                0x0000000008002b00       0x2e ./AD5940Lib/Src/ad5940.o
                0x0000000008002b00                AD5940_WGFreqCtrlS
 *fill*         0x0000000008002b2e        0x2 
 .text.AD5940_WGFreqWordCal
                0x0000000008002b30       0xbc ./AD5940Lib/Src/ad5940.o
                0x0000000008002b30                AD5940_WGFreqWordCal
 .text.AD5940_LPLoopCfgS
                0x0000000008002bec       0x22 ./AD5940Lib/Src/ad5940.o
                0x0000000008002bec                AD5940_LPLoopCfgS
 .text.AD5940_LPDACCfgS
                0x0000000008002c0e       0xc6 ./AD5940Lib/Src/ad5940.o
                0x0000000008002c0e                AD5940_LPDACCfgS
 .text.AD5940_LPDAC0WriteS
                0x0000000008002cd4       0x3a ./AD5940Lib/Src/ad5940.o
                0x0000000008002cd4                AD5940_LPDAC0WriteS
 .text.AD5940_LPDAC1WriteS
                0x0000000008002d0e       0x3a ./AD5940Lib/Src/ad5940.o
                0x0000000008002d0e                AD5940_LPDAC1WriteS
 .text.AD5940_LPAMPCfgS
                0x0000000008002d48       0xb0 ./AD5940Lib/Src/ad5940.o
                0x0000000008002d48                AD5940_LPAMPCfgS
 .text.AD5940_DSPCfgS
                0x0000000008002df8       0x40 ./AD5940Lib/Src/ad5940.o
                0x0000000008002df8                AD5940_DSPCfgS
 .text.AD5940_ReadAfeResult
                0x0000000008002e38       0x94 ./AD5940Lib/Src/ad5940.o
                0x0000000008002e38                AD5940_ReadAfeResult
 .text.AD5940_ADCBaseCfgS
                0x0000000008002ecc       0x3c ./AD5940Lib/Src/ad5940.o
                0x0000000008002ecc                AD5940_ADCBaseCfgS
 .text.AD5940_ADCFilterCfgS
                0x0000000008002f08       0x8c ./AD5940Lib/Src/ad5940.o
                0x0000000008002f08                AD5940_ADCFilterCfgS
 .text.AD5940_ADCMuxCfgS
                0x0000000008002f94       0x44 ./AD5940Lib/Src/ad5940.o
                0x0000000008002f94                AD5940_ADCMuxCfgS
 .text.AD5940_ADCDigCompCfgS
                0x0000000008002fd8       0x48 ./AD5940Lib/Src/ad5940.o
                0x0000000008002fd8                AD5940_ADCDigCompCfgS
 .text.AD5940_StatisticCfgS
                0x0000000008003020       0x46 ./AD5940Lib/Src/ad5940.o
                0x0000000008003020                AD5940_StatisticCfgS
 .text.AD5940_DFTCfgS
                0x0000000008003066       0x7e ./AD5940Lib/Src/ad5940.o
                0x0000000008003066                AD5940_DFTCfgS
 .text.AD5940_FIFOCfg
                0x00000000080030e4       0x88 ./AD5940Lib/Src/ad5940.o
                0x00000000080030e4                AD5940_FIFOCfg
 .text.AD5940_FIFOCtrlS
                0x000000000800316c       0x3a ./AD5940Lib/Src/ad5940.o
                0x000000000800316c                AD5940_FIFOCtrlS
 .text.AD5940_FIFOGetCnt
                0x00000000080031a6       0x14 ./AD5940Lib/Src/ad5940.o
                0x00000000080031a6                AD5940_FIFOGetCnt
 .text.AD5940_SEQCfg
                0x00000000080031ba       0xa2 ./AD5940Lib/Src/ad5940.o
                0x00000000080031ba                AD5940_SEQCfg
 .text.AD5940_SEQMmrTrig
                0x000000000800325c       0x2a ./AD5940Lib/Src/ad5940.o
                0x000000000800325c                AD5940_SEQMmrTrig
 .text.AD5940_SEQCmdWrite
                0x0000000008003286       0x44 ./AD5940Lib/Src/ad5940.o
                0x0000000008003286                AD5940_SEQCmdWrite
 *fill*         0x00000000080032ca        0x2 
 .text.AD5940_SEQInfoCfg
                0x00000000080032cc       0xac ./AD5940Lib/Src/ad5940.o
                0x00000000080032cc                AD5940_SEQInfoCfg
 .text.AD5940_SEQGpioCtrlS
                0x0000000008003378       0x1a ./AD5940Lib/Src/ad5940.o
                0x0000000008003378                AD5940_SEQGpioCtrlS
 .text.AD5940_WUPTCfg
                0x0000000008003392      0x1ee ./AD5940Lib/Src/ad5940.o
                0x0000000008003392                AD5940_WUPTCfg
 .text.AD5940_WUPTCtrl
                0x0000000008003580       0x40 ./AD5940Lib/Src/ad5940.o
                0x0000000008003580                AD5940_WUPTCtrl
 .text.AD5940_CLKCfg
                0x00000000080035c0      0x178 ./AD5940Lib/Src/ad5940.o
                0x00000000080035c0                AD5940_CLKCfg
 .text.AD5940_HFOSC32MHzCtrl
                0x0000000008003738       0xc0 ./AD5940Lib/Src/ad5940.o
                0x0000000008003738                AD5940_HFOSC32MHzCtrl
 .text.AD5940_INTCCfg
                0x00000000080037f8       0x5a ./AD5940Lib/Src/ad5940.o
                0x00000000080037f8                AD5940_INTCCfg
 .text.AD5940_INTCGetCfg
                0x0000000008003852       0x2e ./AD5940Lib/Src/ad5940.o
                0x0000000008003852                AD5940_INTCGetCfg
 .text.AD5940_INTCClrFlag
                0x0000000008003880       0x1a ./AD5940Lib/Src/ad5940.o
                0x0000000008003880                AD5940_INTCClrFlag
 .text.AD5940_INTCTestFlag
                0x000000000800389a       0x40 ./AD5940Lib/Src/ad5940.o
                0x000000000800389a                AD5940_INTCTestFlag
 .text.AD5940_AGPIOCfg
                0x00000000080038da       0x44 ./AD5940Lib/Src/ad5940.o
                0x00000000080038da                AD5940_AGPIOCfg
 .text.AD5940_AGPIOFuncCfg
                0x000000000800391e       0x18 ./AD5940Lib/Src/ad5940.o
                0x000000000800391e                AD5940_AGPIOFuncCfg
 .text.AD5940_AGPIOOen
                0x0000000008003936       0x18 ./AD5940Lib/Src/ad5940.o
                0x0000000008003936                AD5940_AGPIOOen
 .text.AD5940_AGPIOIen
                0x000000000800394e       0x18 ./AD5940Lib/Src/ad5940.o
                0x000000000800394e                AD5940_AGPIOIen
 .text.AD5940_AGPIOPen
                0x0000000008003966       0x18 ./AD5940Lib/Src/ad5940.o
                0x0000000008003966                AD5940_AGPIOPen
 .text.AD5940_SleepKeyCtrlS
                0x000000000800397e       0x1a ./AD5940Lib/Src/ad5940.o
                0x000000000800397e                AD5940_SleepKeyCtrlS
 .text.AD5940_EnterSleepS
                0x0000000008003998       0x1c ./AD5940Lib/Src/ad5940.o
                0x0000000008003998                AD5940_EnterSleepS
 .text.AD5940_WakeUp
                0x00000000080039b4       0x48 ./AD5940Lib/Src/ad5940.o
                0x00000000080039b4                AD5940_WakeUp
 .text.AD5940_HWReset
                0x00000000080039fc       0x1e ./AD5940Lib/Src/ad5940.o
                0x00000000080039fc                AD5940_HWReset
 *fill*         0x0000000008003a1a        0x2 
 .text.AD5940_HSRtiaCal
                0x0000000008003a1c      0x724 ./AD5940Lib/Src/ad5940.o
                0x0000000008003a1c                AD5940_HSRtiaCal
 .text.BIAShowResult
                0x0000000008004140       0xa4 ./Core/Src/AD5940Main.o
                0x0000000008004140                BIAShowResult
 .text.AD5940PlatformCfg
                0x00000000080041e4       0xc0 ./Core/Src/AD5940Main.o
 .text.AD5940BIAStructInit
                0x00000000080042a4       0xb0 ./Core/Src/AD5940Main.o
                0x00000000080042a4                AD5940BIAStructInit
 .text.AD5940_BIA
                0x0000000008004354      0x1b4 ./Core/Src/AD5940Main.o
                0x0000000008004354                AD5940_BIA
 .text.AppBIAGetCfg
                0x0000000008004508       0x2c ./Core/Src/BodyImpedance.o
                0x0000000008004508                AppBIAGetCfg
 .text.AppBIACtrl
                0x0000000008004534      0x134 ./Core/Src/BodyImpedance.o
                0x0000000008004534                AppBIACtrl
 .text.AppBIASeqCfgGen
                0x0000000008004668      0x34c ./Core/Src/BodyImpedance.o
 *fill*         0x00000000080049b4        0x4 
 .text.AppBIASeqMeasureGen
                0x00000000080049b8      0x21c ./Core/Src/BodyImpedance.o
 .text.AppBIARtiaCal
                0x0000000008004bd4      0x100 ./Core/Src/BodyImpedance.o
 .text.AppBIAInit
                0x0000000008004cd4      0x180 ./Core/Src/BodyImpedance.o
                0x0000000008004cd4                AppBIAInit
 .text.AppBIARegModify
                0x0000000008004e54       0x84 ./Core/Src/BodyImpedance.o
                0x0000000008004e54                AppBIARegModify
 .text.AppBIADataProcess
                0x0000000008004ed8      0x2a0 ./Core/Src/BodyImpedance.o
 .text.AppBIAISR
                0x0000000008005178       0xa8 ./Core/Src/BodyImpedance.o
                0x0000000008005178                AppBIAISR
 .text.main     0x0000000008005220       0x70 ./Core/Src/main.o
                0x0000000008005220                main
 .text.Error_Handler
                0x0000000008005290        0x6 ./Core/Src/main.o
                0x0000000008005290                Error_Handler
 *fill*         0x0000000008005296        0x2 
 .text.serial_reading
                0x0000000008005298      0x468 ./Core/Src/main.o
                0x0000000008005298                serial_reading
 .text.SystemClock_Config
                0x0000000008005700       0xd0 ./Core/Src/main.o
                0x0000000008005700                SystemClock_Config
 .text.MCUPlatformInit
                0x00000000080057d0       0x68 ./Core/Src/main.o
                0x00000000080057d0                MCUPlatformInit
 .text.MX_DMA_Init
                0x0000000008005838       0x40 ./Core/Src/main.o
 .text.HAL_UART_RxCpltCallback
                0x0000000008005878       0x20 ./Core/Src/main.o
                0x0000000008005878                HAL_UART_RxCpltCallback
 .text.printchar
                0x0000000008005898       0x48 ./Core/Src/printf-stdarg.o
 .text.prints   0x00000000080058e0       0xb0 ./Core/Src/printf-stdarg.o
 .text.printi   0x0000000008005990      0x1a4 ./Core/Src/printf-stdarg.o
 .text.print    0x0000000008005b34      0x23c ./Core/Src/printf-stdarg.o
 .text.my_printf
                0x0000000008005d70       0x28 ./Core/Src/printf-stdarg.o
                0x0000000008005d70                my_printf
 .text.HAL_MspInit
                0x0000000008005d98       0x50 ./Core/Src/stm32f4xx_hal_msp.o
                0x0000000008005d98                HAL_MspInit
 .text.HAL_UART_MspInit
                0x0000000008005de8      0x104 ./Core/Src/stm32f4xx_hal_msp.o
                0x0000000008005de8                HAL_UART_MspInit
 .text.NMI_Handler
                0x0000000008005eec        0x6 ./Core/Src/stm32f4xx_it.o
                0x0000000008005eec                NMI_Handler
 .text.HardFault_Handler
                0x0000000008005ef2        0x6 ./Core/Src/stm32f4xx_it.o
                0x0000000008005ef2                HardFault_Handler
 .text.MemManage_Handler
                0x0000000008005ef8        0x6 ./Core/Src/stm32f4xx_it.o
                0x0000000008005ef8                MemManage_Handler
 .text.BusFault_Handler
                0x0000000008005efe        0x6 ./Core/Src/stm32f4xx_it.o
                0x0000000008005efe                BusFault_Handler
 .text.UsageFault_Handler
                0x0000000008005f04        0x6 ./Core/Src/stm32f4xx_it.o
                0x0000000008005f04                UsageFault_Handler
 .text.SVC_Handler
                0x0000000008005f0a        0xe ./Core/Src/stm32f4xx_it.o
                0x0000000008005f0a                SVC_Handler
 .text.DebugMon_Handler
                0x0000000008005f18        0xe ./Core/Src/stm32f4xx_it.o
                0x0000000008005f18                DebugMon_Handler
 .text.PendSV_Handler
                0x0000000008005f26        0xe ./Core/Src/stm32f4xx_it.o
                0x0000000008005f26                PendSV_Handler
 .text.SysTick_Handler
                0x0000000008005f34        0xc ./Core/Src/stm32f4xx_it.o
                0x0000000008005f34                SysTick_Handler
 .text.DMA1_Stream5_IRQHandler
                0x0000000008005f40       0x14 ./Core/Src/stm32f4xx_it.o
                0x0000000008005f40                DMA1_Stream5_IRQHandler
 .text._getpid  0x0000000008005f54       0x10 ./Core/Src/syscalls.o
                0x0000000008005f54                _getpid
 .text._kill    0x0000000008005f64       0x20 ./Core/Src/syscalls.o
                0x0000000008005f64                _kill
 .text._exit    0x0000000008005f84       0x14 ./Core/Src/syscalls.o
                0x0000000008005f84                _exit
 .text._read    0x0000000008005f98       0x3a ./Core/Src/syscalls.o
                0x0000000008005f98                _read
 .text._write   0x0000000008005fd2       0x38 ./Core/Src/syscalls.o
                0x0000000008005fd2                _write
 .text._close   0x000000000800600a       0x18 ./Core/Src/syscalls.o
                0x000000000800600a                _close
 .text._fstat   0x0000000008006022       0x20 ./Core/Src/syscalls.o
                0x0000000008006022                _fstat
 .text._isatty  0x0000000008006042       0x16 ./Core/Src/syscalls.o
                0x0000000008006042                _isatty
 .text._lseek   0x0000000008006058       0x1a ./Core/Src/syscalls.o
                0x0000000008006058                _lseek
 *fill*         0x0000000008006072        0x2 
 .text._sbrk    0x0000000008006074       0x6c ./Core/Src/sysmem.o
                0x0000000008006074                _sbrk
 .text.SystemInit
                0x00000000080060e0       0x24 ./Core/Src/system_stm32f4xx.o
                0x00000000080060e0                SystemInit
 .text.Reset_Handler
                0x0000000008006104       0x50 ./Core/Startup/startup_stm32f401retx.o
                0x0000000008006104                Reset_Handler
 .text.Default_Handler
                0x0000000008006154        0x2 ./Core/Startup/startup_stm32f401retx.o
                0x0000000008006154                RTC_Alarm_IRQHandler
                0x0000000008006154                EXTI2_IRQHandler
                0x0000000008006154                SPI4_IRQHandler
                0x0000000008006154                TIM1_CC_IRQHandler
                0x0000000008006154                DMA2_Stream5_IRQHandler
                0x0000000008006154                PVD_IRQHandler
                0x0000000008006154                SDIO_IRQHandler
                0x0000000008006154                TAMP_STAMP_IRQHandler
                0x0000000008006154                EXTI3_IRQHandler
                0x0000000008006154                TIM1_UP_TIM10_IRQHandler
                0x0000000008006154                I2C3_ER_IRQHandler
                0x0000000008006154                EXTI0_IRQHandler
                0x0000000008006154                I2C2_EV_IRQHandler
                0x0000000008006154                DMA1_Stream2_IRQHandler
                0x0000000008006154                FPU_IRQHandler
                0x0000000008006154                DMA2_Stream2_IRQHandler
                0x0000000008006154                SPI1_IRQHandler
                0x0000000008006154                TIM1_BRK_TIM9_IRQHandler
                0x0000000008006154                DMA2_Stream3_IRQHandler
                0x0000000008006154                USART6_IRQHandler
                0x0000000008006154                DMA2_Stream0_IRQHandler
                0x0000000008006154                TIM4_IRQHandler
                0x0000000008006154                I2C1_EV_IRQHandler
                0x0000000008006154                DMA1_Stream6_IRQHandler
                0x0000000008006154                DMA1_Stream1_IRQHandler
                0x0000000008006154                TIM3_IRQHandler
                0x0000000008006154                RCC_IRQHandler
                0x0000000008006154                Default_Handler
                0x0000000008006154                ADC_IRQHandler
                0x0000000008006154                DMA1_Stream7_IRQHandler
                0x0000000008006154                TIM5_IRQHandler
                0x0000000008006154                DMA2_Stream7_IRQHandler
                0x0000000008006154                I2C3_EV_IRQHandler
                0x0000000008006154                EXTI9_5_IRQHandler
                0x0000000008006154                RTC_WKUP_IRQHandler
                0x0000000008006154                SPI2_IRQHandler
                0x0000000008006154                DMA1_Stream0_IRQHandler
                0x0000000008006154                EXTI4_IRQHandler
                0x0000000008006154                WWDG_IRQHandler
                0x0000000008006154                TIM2_IRQHandler
                0x0000000008006154                OTG_FS_WKUP_IRQHandler
                0x0000000008006154                TIM1_TRG_COM_TIM11_IRQHandler
                0x0000000008006154                EXTI1_IRQHandler
                0x0000000008006154                USART2_IRQHandler
                0x0000000008006154                I2C2_ER_IRQHandler
                0x0000000008006154                DMA2_Stream1_IRQHandler
                0x0000000008006154                FLASH_IRQHandler
                0x0000000008006154                DMA2_Stream4_IRQHandler
                0x0000000008006154                USART1_IRQHandler
                0x0000000008006154                OTG_FS_IRQHandler
                0x0000000008006154                SPI3_IRQHandler
                0x0000000008006154                DMA1_Stream4_IRQHandler
                0x0000000008006154                I2C1_ER_IRQHandler
                0x0000000008006154                DMA2_Stream6_IRQHandler
                0x0000000008006154                DMA1_Stream3_IRQHandler
 *fill*         0x0000000008006156        0x2 
 .text.HAL_Init
                0x0000000008006158       0x44 ./Drivers/STM32F4xx_HAL_Driver/Src/stm32f4xx_hal.o
                0x0000000008006158                HAL_Init
 .text.HAL_InitTick
                0x000000000800619c       0x60 ./Drivers/STM32F4xx_HAL_Driver/Src/stm32f4xx_hal.o
                0x000000000800619c                HAL_InitTick
 .text.HAL_IncTick
                0x00000000080061fc       0x28 ./Drivers/STM32F4xx_HAL_Driver/Src/stm32f4xx_hal.o
                0x00000000080061fc                HAL_IncTick
 .text.HAL_GetTick
                0x0000000008006224       0x18 ./Drivers/STM32F4xx_HAL_Driver/Src/stm32f4xx_hal.o
                0x0000000008006224                HAL_GetTick
 .text.HAL_Delay
                0x000000000800623c       0x48 ./Drivers/STM32F4xx_HAL_Driver/Src/stm32f4xx_hal.o
                0x000000000800623c                HAL_Delay
 .text.__NVIC_SetPriorityGrouping
                0x0000000008006284       0x48 ./Drivers/STM32F4xx_HAL_Driver/Src/stm32f4xx_hal_cortex.o
 .text.__NVIC_GetPriorityGrouping
                0x00000000080062cc       0x1c ./Drivers/STM32F4xx_HAL_Driver/Src/stm32f4xx_hal_cortex.o
 .text.__NVIC_EnableIRQ
                0x00000000080062e8       0x3c ./Drivers/STM32F4xx_HAL_Driver/Src/stm32f4xx_hal_cortex.o
 .text.__NVIC_SetPriority
                0x0000000008006324       0x54 ./Drivers/STM32F4xx_HAL_Driver/Src/stm32f4xx_hal_cortex.o
 .text.NVIC_EncodePriority
                0x0000000008006378       0x66 ./Drivers/STM32F4xx_HAL_Driver/Src/stm32f4xx_hal_cortex.o
 *fill*         0x00000000080063de        0x2 
 .text.SysTick_Config
                0x00000000080063e0       0x44 ./Drivers/STM32F4xx_HAL_Driver/Src/stm32f4xx_hal_cortex.o
 .text.HAL_NVIC_SetPriorityGrouping
                0x0000000008006424       0x16 ./Drivers/STM32F4xx_HAL_Driver/Src/stm32f4xx_hal_cortex.o
                0x0000000008006424                HAL_NVIC_SetPriorityGrouping
 .text.HAL_NVIC_SetPriority
                0x000000000800643a       0x38 ./Drivers/STM32F4xx_HAL_Driver/Src/stm32f4xx_hal_cortex.o
                0x000000000800643a                HAL_NVIC_SetPriority
 .text.HAL_NVIC_EnableIRQ
                0x0000000008006472       0x1c ./Drivers/STM32F4xx_HAL_Driver/Src/stm32f4xx_hal_cortex.o
                0x0000000008006472                HAL_NVIC_EnableIRQ
 .text.HAL_SYSTICK_Config
                0x000000000800648e       0x18 ./Drivers/STM32F4xx_HAL_Driver/Src/stm32f4xx_hal_cortex.o
                0x000000000800648e                HAL_SYSTICK_Config
 *fill*         0x00000000080064a6        0x2 
 .text.HAL_DMA_Init
                0x00000000080064a8      0x15c ./Drivers/STM32F4xx_HAL_Driver/Src/stm32f4xx_hal_dma.o
                0x00000000080064a8                HAL_DMA_Init
 .text.HAL_DMA_Start_IT
                0x0000000008006604       0xb0 ./Drivers/STM32F4xx_HAL_Driver/Src/stm32f4xx_hal_dma.o
                0x0000000008006604                HAL_DMA_Start_IT
 .text.HAL_DMA_IRQHandler
                0x00000000080066b4      0x314 ./Drivers/STM32F4xx_HAL_Driver/Src/stm32f4xx_hal_dma.o
                0x00000000080066b4                HAL_DMA_IRQHandler
 .text.DMA_SetConfig
                0x00000000080069c8       0x5c ./Drivers/STM32F4xx_HAL_Driver/Src/stm32f4xx_hal_dma.o
 .text.DMA_CalcBaseAndBitshift
                0x0000000008006a24       0x6c ./Drivers/STM32F4xx_HAL_Driver/Src/stm32f4xx_hal_dma.o
 .text.DMA_CheckFifoParam
                0x0000000008006a90       0xf8 ./Drivers/STM32F4xx_HAL_Driver/Src/stm32f4xx_hal_dma.o
 .text.HAL_GPIO_Init
                0x0000000008006b88      0x308 ./Drivers/STM32F4xx_HAL_Driver/Src/stm32f4xx_hal_gpio.o
                0x0000000008006b88                HAL_GPIO_Init
 .text.HAL_GPIO_WritePin
                0x0000000008006e90       0x32 ./Drivers/STM32F4xx_HAL_Driver/Src/stm32f4xx_hal_gpio.o
                0x0000000008006e90                HAL_GPIO_WritePin
 *fill*         0x0000000008006ec2        0x2 
 .text.HAL_RCC_OscConfig
                0x0000000008006ec4      0x4f0 ./Drivers/STM32F4xx_HAL_Driver/Src/stm32f4xx_hal_rcc.o
                0x0000000008006ec4                HAL_RCC_OscConfig
 .text.HAL_RCC_ClockConfig
                0x00000000080073b4      0x1cc ./Drivers/STM32F4xx_HAL_Driver/Src/stm32f4xx_hal_rcc.o
                0x00000000080073b4                HAL_RCC_ClockConfig
 .text.HAL_RCC_GetSysClockFreq
                0x0000000008007580      0x18c ./Drivers/STM32F4xx_HAL_Driver/Src/stm32f4xx_hal_rcc.o
                0x0000000008007580                HAL_RCC_GetSysClockFreq
 .text.HAL_RCC_GetHCLKFreq
                0x000000000800770c       0x18 ./Drivers/STM32F4xx_HAL_Driver/Src/stm32f4xx_hal_rcc.o
                0x000000000800770c                HAL_RCC_GetHCLKFreq
 .text.HAL_RCC_GetPCLK1Freq
                0x0000000008007724       0x28 ./Drivers/STM32F4xx_HAL_Driver/Src/stm32f4xx_hal_rcc.o
                0x0000000008007724                HAL_RCC_GetPCLK1Freq
 .text.HAL_RCC_GetPCLK2Freq
                0x000000000800774c       0x28 ./Drivers/STM32F4xx_HAL_Driver/Src/stm32f4xx_hal_rcc.o
                0x000000000800774c                HAL_RCC_GetPCLK2Freq
 .text.HAL_SPI_Init
                0x0000000008007774      0x112 ./Drivers/STM32F4xx_HAL_Driver/Src/stm32f4xx_hal_spi.o
                0x0000000008007774                HAL_SPI_Init
 .text.HAL_SPI_MspInit
                0x0000000008007886       0x14 ./Drivers/STM32F4xx_HAL_Driver/Src/stm32f4xx_hal_spi.o
                0x0000000008007886                HAL_SPI_MspInit
 .text.HAL_SPI_TransmitReceive
                0x000000000800789a      0x344 ./Drivers/STM32F4xx_HAL_Driver/Src/stm32f4xx_hal_spi.o
                0x000000000800789a                HAL_SPI_TransmitReceive
 *fill*         0x0000000008007bde        0x2 
 .text.SPI_WaitFlagStateUntilTimeout
                0x0000000008007be0      0x110 ./Drivers/STM32F4xx_HAL_Driver/Src/stm32f4xx_hal_spi.o
 .text.SPI_EndRxTxTransaction
                0x0000000008007cf0       0x84 ./Drivers/STM32F4xx_HAL_Driver/Src/stm32f4xx_hal_spi.o
 .text.HAL_UART_Init
                0x0000000008007d74       0x9a ./Drivers/STM32F4xx_HAL_Driver/Src/stm32f4xx_hal_uart.o
                0x0000000008007d74                HAL_UART_Init
 .text.HAL_UART_Transmit
                0x0000000008007e0e      0x124 ./Drivers/STM32F4xx_HAL_Driver/Src/stm32f4xx_hal_uart.o
                0x0000000008007e0e                HAL_UART_Transmit
 .text.HAL_UART_Receive_DMA
                0x0000000008007f32       0x60 ./Drivers/STM32F4xx_HAL_Driver/Src/stm32f4xx_hal_uart.o
                0x0000000008007f32                HAL_UART_Receive_DMA
 .text.HAL_UART_RxHalfCpltCallback
                0x0000000008007f92       0x14 ./Drivers/STM32F4xx_HAL_Driver/Src/stm32f4xx_hal_uart.o
                0x0000000008007f92                HAL_UART_RxHalfCpltCallback
 .text.HAL_UART_ErrorCallback
                0x0000000008007fa6       0x14 ./Drivers/STM32F4xx_HAL_Driver/Src/stm32f4xx_hal_uart.o
                0x0000000008007fa6                HAL_UART_ErrorCallback
 .text.HAL_UARTEx_RxEventCallback
                0x0000000008007fba       0x18 ./Drivers/STM32F4xx_HAL_Driver/Src/stm32f4xx_hal_uart.o
                0x0000000008007fba                HAL_UARTEx_RxEventCallback
 .text.UART_DMAReceiveCplt
                0x0000000008007fd2      0x126 ./Drivers/STM32F4xx_HAL_Driver/Src/stm32f4xx_hal_uart.o
 .text.UART_DMARxHalfCplt
                0x00000000080080f8       0x36 ./Drivers/STM32F4xx_HAL_Driver/Src/stm32f4xx_hal_uart.o
 .text.UART_DMAError
                0x000000000800812e       0x94 ./Drivers/STM32F4xx_HAL_Driver/Src/stm32f4xx_hal_uart.o
 .text.UART_WaitOnFlagUntilTimeout
                0x00000000080081c2       0xdc ./Drivers/STM32F4xx_HAL_Driver/Src/stm32f4xx_hal_uart.o
 *fill*         0x000000000800829e        0x2 
 .text.UART_Start_Receive_DMA
                0x00000000080082a0      0x134 ./Drivers/STM32F4xx_HAL_Driver/Src/stm32f4xx_hal_uart.o
                0x00000000080082a0                UART_Start_Receive_DMA
 .text.UART_EndTxTransfer
                0x00000000080083d4       0x50 ./Drivers/STM32F4xx_HAL_Driver/Src/stm32f4xx_hal_uart.o
 .text.UART_EndRxTransfer
                0x0000000008008424       0xc6 ./Drivers/STM32F4xx_HAL_Driver/Src/stm32f4xx_hal_uart.o
 *fill*         0x00000000080084ea        0x2 
 .text.UART_SetConfig
                0x00000000080084ec      0x4e8 ./Drivers/STM32F4xx_HAL_Driver/Src/stm32f4xx_hal_uart.o
 .text.__cvt    0x00000000080089d4       0xc4 C:/ST/STM32CubeIDE_1.14.0/STM32CubeIDE/plugins/com.st.stm32cube.ide.mcu.externaltools.gnu-tools-for-stm32.11.3.rel1.win32_1.1.100.202309141235/tools/bin/../lib/gcc/arm-none-eabi/11.3.1/../../../../arm-none-eabi/lib/thumb/v7e-m+fp/hard\libc_nano.a(libc_a-nano-vfprintf_float.o)
                0x00000000080089d4                __cvt
 .text.__exponent
                0x0000000008008a98       0x7c C:/ST/STM32CubeIDE_1.14.0/STM32CubeIDE/plugins/com.st.stm32cube.ide.mcu.externaltools.gnu-tools-for-stm32.11.3.rel1.win32_1.1.100.202309141235/tools/bin/../lib/gcc/arm-none-eabi/11.3.1/../../../../arm-none-eabi/lib/thumb/v7e-m+fp/hard\libc_nano.a(libc_a-nano-vfprintf_float.o)
                0x0000000008008a98                __exponent
 .text._printf_float
                0x0000000008008b14      0x46c C:/ST/STM32CubeIDE_1.14.0/STM32CubeIDE/plugins/com.st.stm32cube.ide.mcu.externaltools.gnu-tools-for-stm32.11.3.rel1.win32_1.1.100.202309141235/tools/bin/../lib/gcc/arm-none-eabi/11.3.1/../../../../arm-none-eabi/lib/thumb/v7e-m+fp/hard\libc_nano.a(libc_a-nano-vfprintf_float.o)
                0x0000000008008b14                _printf_float
 .text._printf_common
                0x0000000008008f80       0xda C:/ST/STM32CubeIDE_1.14.0/STM32CubeIDE/plugins/com.st.stm32cube.ide.mcu.externaltools.gnu-tools-for-stm32.11.3.rel1.win32_1.1.100.202309141235/tools/bin/../lib/gcc/arm-none-eabi/11.3.1/../../../../arm-none-eabi/lib/thumb/v7e-m+fp/hard\libc_nano.a(libc_a-nano-vfprintf_i.o)
                0x0000000008008f80                _printf_common
 *fill*         0x000000000800905a        0x2 
 .text._printf_i
                0x000000000800905c      0x244 C:/ST/STM32CubeIDE_1.14.0/STM32CubeIDE/plugins/com.st.stm32cube.ide.mcu.externaltools.gnu-tools-for-stm32.11.3.rel1.win32_1.1.100.202309141235/tools/bin/../lib/gcc/arm-none-eabi/11.3.1/../../../../arm-none-eabi/lib/thumb/v7e-m+fp/hard\libc_nano.a(libc_a-nano-vfprintf_i.o)
                0x000000000800905c                _printf_i
 .text.std      0x00000000080092a0       0x6c C:/ST/STM32CubeIDE_1.14.0/STM32CubeIDE/plugins/com.st.stm32cube.ide.mcu.externaltools.gnu-tools-for-stm32.11.3.rel1.win32_1.1.100.202309141235/tools/bin/../lib/gcc/arm-none-eabi/11.3.1/../../../../arm-none-eabi/lib/thumb/v7e-m+fp/hard\libc_nano.a(libc_a-findfp.o)
 .text.stdio_exit_handler
                0x000000000800930c       0x18 C:/ST/STM32CubeIDE_1.14.0/STM32CubeIDE/plugins/com.st.stm32cube.ide.mcu.externaltools.gnu-tools-for-stm32.11.3.rel1.win32_1.1.100.202309141235/tools/bin/../lib/gcc/arm-none-eabi/11.3.1/../../../../arm-none-eabi/lib/thumb/v7e-m+fp/hard\libc_nano.a(libc_a-findfp.o)
 .text.cleanup_stdio
                0x0000000008009324       0x40 C:/ST/STM32CubeIDE_1.14.0/STM32CubeIDE/plugins/com.st.stm32cube.ide.mcu.externaltools.gnu-tools-for-stm32.11.3.rel1.win32_1.1.100.202309141235/tools/bin/../lib/gcc/arm-none-eabi/11.3.1/../../../../arm-none-eabi/lib/thumb/v7e-m+fp/hard\libc_nano.a(libc_a-findfp.o)
 .text.global_stdio_init.part.0
                0x0000000008009364       0x3c C:/ST/STM32CubeIDE_1.14.0/STM32CubeIDE/plugins/com.st.stm32cube.ide.mcu.externaltools.gnu-tools-for-stm32.11.3.rel1.win32_1.1.100.202309141235/tools/bin/../lib/gcc/arm-none-eabi/11.3.1/../../../../arm-none-eabi/lib/thumb/v7e-m+fp/hard\libc_nano.a(libc_a-findfp.o)
 .text.__sfp_lock_acquire
                0x00000000080093a0        0xc C:/ST/STM32CubeIDE_1.14.0/STM32CubeIDE/plugins/com.st.stm32cube.ide.mcu.externaltools.gnu-tools-for-stm32.11.3.rel1.win32_1.1.100.202309141235/tools/bin/../lib/gcc/arm-none-eabi/11.3.1/../../../../arm-none-eabi/lib/thumb/v7e-m+fp/hard\libc_nano.a(libc_a-findfp.o)
                0x00000000080093a0                __sfp_lock_acquire
 .text.__sfp_lock_release
                0x00000000080093ac        0xc C:/ST/STM32CubeIDE_1.14.0/STM32CubeIDE/plugins/com.st.stm32cube.ide.mcu.externaltools.gnu-tools-for-stm32.11.3.rel1.win32_1.1.100.202309141235/tools/bin/../lib/gcc/arm-none-eabi/11.3.1/../../../../arm-none-eabi/lib/thumb/v7e-m+fp/hard\libc_nano.a(libc_a-findfp.o)
                0x00000000080093ac                __sfp_lock_release
 .text.__sinit  0x00000000080093b8       0x30 C:/ST/STM32CubeIDE_1.14.0/STM32CubeIDE/plugins/com.st.stm32cube.ide.mcu.externaltools.gnu-tools-for-stm32.11.3.rel1.win32_1.1.100.202309141235/tools/bin/../lib/gcc/arm-none-eabi/11.3.1/../../../../arm-none-eabi/lib/thumb/v7e-m+fp/hard\libc_nano.a(libc_a-findfp.o)
                0x00000000080093b8                __sinit
 .text._fwalk_sglue
                0x00000000080093e8       0x3c C:/ST/STM32CubeIDE_1.14.0/STM32CubeIDE/plugins/com.st.stm32cube.ide.mcu.externaltools.gnu-tools-for-stm32.11.3.rel1.win32_1.1.100.202309141235/tools/bin/../lib/gcc/arm-none-eabi/11.3.1/../../../../arm-none-eabi/lib/thumb/v7e-m+fp/hard\libc_nano.a(libc_a-fwalk.o)
                0x00000000080093e8                _fwalk_sglue
 .text.__sread  0x0000000008009424       0x22 C:/ST/STM32CubeIDE_1.14.0/STM32CubeIDE/plugins/com.st.stm32cube.ide.mcu.externaltools.gnu-tools-for-stm32.11.3.rel1.win32_1.1.100.202309141235/tools/bin/../lib/gcc/arm-none-eabi/11.3.1/../../../../arm-none-eabi/lib/thumb/v7e-m+fp/hard\libc_nano.a(libc_a-stdio.o)
                0x0000000008009424                __sread
 .text.__swrite
                0x0000000008009446       0x38 C:/ST/STM32CubeIDE_1.14.0/STM32CubeIDE/plugins/com.st.stm32cube.ide.mcu.externaltools.gnu-tools-for-stm32.11.3.rel1.win32_1.1.100.202309141235/tools/bin/../lib/gcc/arm-none-eabi/11.3.1/../../../../arm-none-eabi/lib/thumb/v7e-m+fp/hard\libc_nano.a(libc_a-stdio.o)
                0x0000000008009446                __swrite
 .text.__sseek  0x000000000800947e       0x24 C:/ST/STM32CubeIDE_1.14.0/STM32CubeIDE/plugins/com.st.stm32cube.ide.mcu.externaltools.gnu-tools-for-stm32.11.3.rel1.win32_1.1.100.202309141235/tools/bin/../lib/gcc/arm-none-eabi/11.3.1/../../../../arm-none-eabi/lib/thumb/v7e-m+fp/hard\libc_nano.a(libc_a-stdio.o)
                0x000000000800947e                __sseek
 .text.__sclose
                0x00000000080094a2        0x8 C:/ST/STM32CubeIDE_1.14.0/STM32CubeIDE/plugins/com.st.stm32cube.ide.mcu.externaltools.gnu-tools-for-stm32.11.3.rel1.win32_1.1.100.202309141235/tools/bin/../lib/gcc/arm-none-eabi/11.3.1/../../../../arm-none-eabi/lib/thumb/v7e-m+fp/hard\libc_nano.a(libc_a-stdio.o)
                0x00000000080094a2                __sclose
 .text.__swbuf_r
                0x00000000080094aa       0x7a C:/ST/STM32CubeIDE_1.14.0/STM32CubeIDE/plugins/com.st.stm32cube.ide.mcu.externaltools.gnu-tools-for-stm32.11.3.rel1.win32_1.1.100.202309141235/tools/bin/../lib/gcc/arm-none-eabi/11.3.1/../../../../arm-none-eabi/lib/thumb/v7e-m+fp/hard\libc_nano.a(libc_a-wbuf.o)
                0x00000000080094aa                __swbuf_r
 .text.__swsetup_r
                0x0000000008009524       0xb0 C:/ST/STM32CubeIDE_1.14.0/STM32CubeIDE/plugins/com.st.stm32cube.ide.mcu.externaltools.gnu-tools-for-stm32.11.3.rel1.win32_1.1.100.202309141235/tools/bin/../lib/gcc/arm-none-eabi/11.3.1/../../../../arm-none-eabi/lib/thumb/v7e-m+fp/hard\libc_nano.a(libc_a-wsetup.o)
                0x0000000008009524                __swsetup_r
 .text.memset   0x00000000080095d4       0x10 C:/ST/STM32CubeIDE_1.14.0/STM32CubeIDE/plugins/com.st.stm32cube.ide.mcu.externaltools.gnu-tools-for-stm32.11.3.rel1.win32_1.1.100.202309141235/tools/bin/../lib/gcc/arm-none-eabi/11.3.1/../../../../arm-none-eabi/lib/thumb/v7e-m+fp/hard\libc_nano.a(libc_a-memset.o)
                0x00000000080095d4                memset
 .text._localeconv_r
                0x00000000080095e4        0x8 C:/ST/STM32CubeIDE_1.14.0/STM32CubeIDE/plugins/com.st.stm32cube.ide.mcu.externaltools.gnu-tools-for-stm32.11.3.rel1.win32_1.1.100.202309141235/tools/bin/../lib/gcc/arm-none-eabi/11.3.1/../../../../arm-none-eabi/lib/thumb/v7e-m+fp/hard\libc_nano.a(libc_a-localeconv.o)
                0x00000000080095e4                _localeconv_r
 .text._close_r
                0x00000000080095ec       0x20 C:/ST/STM32CubeIDE_1.14.0/STM32CubeIDE/plugins/com.st.stm32cube.ide.mcu.externaltools.gnu-tools-for-stm32.11.3.rel1.win32_1.1.100.202309141235/tools/bin/../lib/gcc/arm-none-eabi/11.3.1/../../../../arm-none-eabi/lib/thumb/v7e-m+fp/hard\libc_nano.a(libc_a-closer.o)
                0x00000000080095ec                _close_r
 .text._lseek_r
                0x000000000800960c       0x24 C:/ST/STM32CubeIDE_1.14.0/STM32CubeIDE/plugins/com.st.stm32cube.ide.mcu.externaltools.gnu-tools-for-stm32.11.3.rel1.win32_1.1.100.202309141235/tools/bin/../lib/gcc/arm-none-eabi/11.3.1/../../../../arm-none-eabi/lib/thumb/v7e-m+fp/hard\libc_nano.a(libc_a-lseekr.o)
                0x000000000800960c                _lseek_r
 .text._read_r  0x0000000008009630       0x24 C:/ST/STM32CubeIDE_1.14.0/STM32CubeIDE/plugins/com.st.stm32cube.ide.mcu.externaltools.gnu-tools-for-stm32.11.3.rel1.win32_1.1.100.202309141235/tools/bin/../lib/gcc/arm-none-eabi/11.3.1/../../../../arm-none-eabi/lib/thumb/v7e-m+fp/hard\libc_nano.a(libc_a-readr.o)
                0x0000000008009630                _read_r
 .text._write_r
                0x0000000008009654       0x24 C:/ST/STM32CubeIDE_1.14.0/STM32CubeIDE/plugins/com.st.stm32cube.ide.mcu.externaltools.gnu-tools-for-stm32.11.3.rel1.win32_1.1.100.202309141235/tools/bin/../lib/gcc/arm-none-eabi/11.3.1/../../../../arm-none-eabi/lib/thumb/v7e-m+fp/hard\libc_nano.a(libc_a-writer.o)
                0x0000000008009654                _write_r
 .text.__errno  0x0000000008009678        0xc C:/ST/STM32CubeIDE_1.14.0/STM32CubeIDE/plugins/com.st.stm32cube.ide.mcu.externaltools.gnu-tools-for-stm32.11.3.rel1.win32_1.1.100.202309141235/tools/bin/../lib/gcc/arm-none-eabi/11.3.1/../../../../arm-none-eabi/lib/thumb/v7e-m+fp/hard\libc_nano.a(libc_a-errno.o)
                0x0000000008009678                __errno
 .text.__libc_init_array
                0x0000000008009684       0x48 C:/ST/STM32CubeIDE_1.14.0/STM32CubeIDE/plugins/com.st.stm32cube.ide.mcu.externaltools.gnu-tools-for-stm32.11.3.rel1.win32_1.1.100.202309141235/tools/bin/../lib/gcc/arm-none-eabi/11.3.1/../../../../arm-none-eabi/lib/thumb/v7e-m+fp/hard\libc_nano.a(libc_a-init.o)
                0x0000000008009684                __libc_init_array
 .text.__retarget_lock_init_recursive
                0x00000000080096cc        0x2 C:/ST/STM32CubeIDE_1.14.0/STM32CubeIDE/plugins/com.st.stm32cube.ide.mcu.externaltools.gnu-tools-for-stm32.11.3.rel1.win32_1.1.100.202309141235/tools/bin/../lib/gcc/arm-none-eabi/11.3.1/../../../../arm-none-eabi/lib/thumb/v7e-m+fp/hard\libc_nano.a(libc_a-lock.o)
                0x00000000080096cc                __retarget_lock_init_recursive
 .text.__retarget_lock_acquire_recursive
                0x00000000080096ce        0x2 C:/ST/STM32CubeIDE_1.14.0/STM32CubeIDE/plugins/com.st.stm32cube.ide.mcu.externaltools.gnu-tools-for-stm32.11.3.rel1.win32_1.1.100.202309141235/tools/bin/../lib/gcc/arm-none-eabi/11.3.1/../../../../arm-none-eabi/lib/thumb/v7e-m+fp/hard\libc_nano.a(libc_a-lock.o)
                0x00000000080096ce                __retarget_lock_acquire_recursive
 .text.__retarget_lock_release_recursive
                0x00000000080096d0        0x2 C:/ST/STM32CubeIDE_1.14.0/STM32CubeIDE/plugins/com.st.stm32cube.ide.mcu.externaltools.gnu-tools-for-stm32.11.3.rel1.win32_1.1.100.202309141235/tools/bin/../lib/gcc/arm-none-eabi/11.3.1/../../../../arm-none-eabi/lib/thumb/v7e-m+fp/hard\libc_nano.a(libc_a-lock.o)
                0x00000000080096d0                __retarget_lock_release_recursive
 .text.memcpy   0x00000000080096d2       0x1c C:/ST/STM32CubeIDE_1.14.0/STM32CubeIDE/plugins/com.st.stm32cube.ide.mcu.externaltools.gnu-tools-for-stm32.11.3.rel1.win32_1.1.100.202309141235/tools/bin/../lib/gcc/arm-none-eabi/11.3.1/../../../../arm-none-eabi/lib/thumb/v7e-m+fp/hard\libc_nano.a(libc_a-memcpy-stub.o)
                0x00000000080096d2                memcpy
 *fill*         0x00000000080096ee        0x2 
 .text.__assert_func
                0x00000000080096f0       0x3c C:/ST/STM32CubeIDE_1.14.0/STM32CubeIDE/plugins/com.st.stm32cube.ide.mcu.externaltools.gnu-tools-for-stm32.11.3.rel1.win32_1.1.100.202309141235/tools/bin/../lib/gcc/arm-none-eabi/11.3.1/../../../../arm-none-eabi/lib/thumb/v7e-m+fp/hard\libc_nano.a(libc_a-assert.o)
                0x00000000080096f0                __assert_func
 .text.quorem   0x000000000800972c      0x110 C:/ST/STM32CubeIDE_1.14.0/STM32CubeIDE/plugins/com.st.stm32cube.ide.mcu.externaltools.gnu-tools-for-stm32.11.3.rel1.win32_1.1.100.202309141235/tools/bin/../lib/gcc/arm-none-eabi/11.3.1/../../../../arm-none-eabi/lib/thumb/v7e-m+fp/hard\libc_nano.a(libc_a-dtoa.o)
 *fill*         0x000000000800983c        0x4 
 .text._dtoa_r  0x0000000008009840      0xbe4 C:/ST/STM32CubeIDE_1.14.0/STM32CubeIDE/plugins/com.st.stm32cube.ide.mcu.externaltools.gnu-tools-for-stm32.11.3.rel1.win32_1.1.100.202309141235/tools/bin/../lib/gcc/arm-none-eabi/11.3.1/../../../../arm-none-eabi/lib/thumb/v7e-m+fp/hard\libc_nano.a(libc_a-dtoa.o)
                0x0000000008009840                _dtoa_r
 .text._free_r  0x000000000800a424       0x98 C:/ST/STM32CubeIDE_1.14.0/STM32CubeIDE/plugins/com.st.stm32cube.ide.mcu.externaltools.gnu-tools-for-stm32.11.3.rel1.win32_1.1.100.202309141235/tools/bin/../lib/gcc/arm-none-eabi/11.3.1/../../../../arm-none-eabi/lib/thumb/v7e-m+fp/hard\libc_nano.a(libc_a-freer.o)
                0x000000000800a424                _free_r
 .text.malloc   0x000000000800a4bc       0x10 C:/ST/STM32CubeIDE_1.14.0/STM32CubeIDE/plugins/com.st.stm32cube.ide.mcu.externaltools.gnu-tools-for-stm32.11.3.rel1.win32_1.1.100.202309141235/tools/bin/../lib/gcc/arm-none-eabi/11.3.1/../../../../arm-none-eabi/lib/thumb/v7e-m+fp/hard\libc_nano.a(libc_a-malloc.o)
                0x000000000800a4bc                malloc
 .text.sbrk_aligned
                0x000000000800a4cc       0x40 C:/ST/STM32CubeIDE_1.14.0/STM32CubeIDE/plugins/com.st.stm32cube.ide.mcu.externaltools.gnu-tools-for-stm32.11.3.rel1.win32_1.1.100.202309141235/tools/bin/../lib/gcc/arm-none-eabi/11.3.1/../../../../arm-none-eabi/lib/thumb/v7e-m+fp/hard\libc_nano.a(libc_a-mallocr.o)
 .text._malloc_r
                0x000000000800a50c      0x100 C:/ST/STM32CubeIDE_1.14.0/STM32CubeIDE/plugins/com.st.stm32cube.ide.mcu.externaltools.gnu-tools-for-stm32.11.3.rel1.win32_1.1.100.202309141235/tools/bin/../lib/gcc/arm-none-eabi/11.3.1/../../../../arm-none-eabi/lib/thumb/v7e-m+fp/hard\libc_nano.a(libc_a-mallocr.o)
                0x000000000800a50c                _malloc_r
 .text.__malloc_lock
                0x000000000800a60c        0xc C:/ST/STM32CubeIDE_1.14.0/STM32CubeIDE/plugins/com.st.stm32cube.ide.mcu.externaltools.gnu-tools-for-stm32.11.3.rel1.win32_1.1.100.202309141235/tools/bin/../lib/gcc/arm-none-eabi/11.3.1/../../../../arm-none-eabi/lib/thumb/v7e-m+fp/hard\libc_nano.a(libc_a-mlock.o)
                0x000000000800a60c                __malloc_lock
 .text.__malloc_unlock
                0x000000000800a618        0xc C:/ST/STM32CubeIDE_1.14.0/STM32CubeIDE/plugins/com.st.stm32cube.ide.mcu.externaltools.gnu-tools-for-stm32.11.3.rel1.win32_1.1.100.202309141235/tools/bin/../lib/gcc/arm-none-eabi/11.3.1/../../../../arm-none-eabi/lib/thumb/v7e-m+fp/hard\libc_nano.a(libc_a-mlock.o)
                0x000000000800a618                __malloc_unlock
 .text._Balloc  0x000000000800a624       0x80 C:/ST/STM32CubeIDE_1.14.0/STM32CubeIDE/plugins/com.st.stm32cube.ide.mcu.externaltools.gnu-tools-for-stm32.11.3.rel1.win32_1.1.100.202309141235/tools/bin/../lib/gcc/arm-none-eabi/11.3.1/../../../../arm-none-eabi/lib/thumb/v7e-m+fp/hard\libc_nano.a(libc_a-mprec.o)
                0x000000000800a624                _Balloc
 .text._Bfree   0x000000000800a6a4       0x44 C:/ST/STM32CubeIDE_1.14.0/STM32CubeIDE/plugins/com.st.stm32cube.ide.mcu.externaltools.gnu-tools-for-stm32.11.3.rel1.win32_1.1.100.202309141235/tools/bin/../lib/gcc/arm-none-eabi/11.3.1/../../../../arm-none-eabi/lib/thumb/v7e-m+fp/hard\libc_nano.a(libc_a-mprec.o)
                0x000000000800a6a4                _Bfree
 .text.__multadd
                0x000000000800a6e8       0x8c C:/ST/STM32CubeIDE_1.14.0/STM32CubeIDE/plugins/com.st.stm32cube.ide.mcu.externaltools.gnu-tools-for-stm32.11.3.rel1.win32_1.1.100.202309141235/tools/bin/../lib/gcc/arm-none-eabi/11.3.1/../../../../arm-none-eabi/lib/thumb/v7e-m+fp/hard\libc_nano.a(libc_a-mprec.o)
                0x000000000800a6e8                __multadd
 .text.__hi0bits
                0x000000000800a774       0x40 C:/ST/STM32CubeIDE_1.14.0/STM32CubeIDE/plugins/com.st.stm32cube.ide.mcu.externaltools.gnu-tools-for-stm32.11.3.rel1.win32_1.1.100.202309141235/tools/bin/../lib/gcc/arm-none-eabi/11.3.1/../../../../arm-none-eabi/lib/thumb/v7e-m+fp/hard\libc_nano.a(libc_a-mprec.o)
                0x000000000800a774                __hi0bits
 .text.__lo0bits
                0x000000000800a7b4       0x5a C:/ST/STM32CubeIDE_1.14.0/STM32CubeIDE/plugins/com.st.stm32cube.ide.mcu.externaltools.gnu-tools-for-stm32.11.3.rel1.win32_1.1.100.202309141235/tools/bin/../lib/gcc/arm-none-eabi/11.3.1/../../../../arm-none-eabi/lib/thumb/v7e-m+fp/hard\libc_nano.a(libc_a-mprec.o)
                0x000000000800a7b4                __lo0bits
 *fill*         0x000000000800a80e        0x2 
 .text.__i2b    0x000000000800a810       0x2c C:/ST/STM32CubeIDE_1.14.0/STM32CubeIDE/plugins/com.st.stm32cube.ide.mcu.externaltools.gnu-tools-for-stm32.11.3.rel1.win32_1.1.100.202309141235/tools/bin/../lib/gcc/arm-none-eabi/11.3.1/../../../../arm-none-eabi/lib/thumb/v7e-m+fp/hard\libc_nano.a(libc_a-mprec.o)
                0x000000000800a810                __i2b
 .text.__multiply
                0x000000000800a83c      0x154 C:/ST/STM32CubeIDE_1.14.0/STM32CubeIDE/plugins/com.st.stm32cube.ide.mcu.externaltools.gnu-tools-for-stm32.11.3.rel1.win32_1.1.100.202309141235/tools/bin/../lib/gcc/arm-none-eabi/11.3.1/../../../../arm-none-eabi/lib/thumb/v7e-m+fp/hard\libc_nano.a(libc_a-mprec.o)
                0x000000000800a83c                __multiply
 .text.__pow5mult
                0x000000000800a990       0xb4 C:/ST/STM32CubeIDE_1.14.0/STM32CubeIDE/plugins/com.st.stm32cube.ide.mcu.externaltools.gnu-tools-for-stm32.11.3.rel1.win32_1.1.100.202309141235/tools/bin/../lib/gcc/arm-none-eabi/11.3.1/../../../../arm-none-eabi/lib/thumb/v7e-m+fp/hard\libc_nano.a(libc_a-mprec.o)
                0x000000000800a990                __pow5mult
 .text.__lshift
                0x000000000800aa44       0xd8 C:/ST/STM32CubeIDE_1.14.0/STM32CubeIDE/plugins/com.st.stm32cube.ide.mcu.externaltools.gnu-tools-for-stm32.11.3.rel1.win32_1.1.100.202309141235/tools/bin/../lib/gcc/arm-none-eabi/11.3.1/../../../../arm-none-eabi/lib/thumb/v7e-m+fp/hard\libc_nano.a(libc_a-mprec.o)
                0x000000000800aa44                __lshift
 .text.__mcmp   0x000000000800ab1c       0x38 C:/ST/STM32CubeIDE_1.14.0/STM32CubeIDE/plugins/com.st.stm32cube.ide.mcu.externaltools.gnu-tools-for-stm32.11.3.rel1.win32_1.1.100.202309141235/tools/bin/../lib/gcc/arm-none-eabi/11.3.1/../../../../arm-none-eabi/lib/thumb/v7e-m+fp/hard\libc_nano.a(libc_a-mprec.o)
                0x000000000800ab1c                __mcmp
 .text.__mdiff  0x000000000800ab54      0x114 C:/ST/STM32CubeIDE_1.14.0/STM32CubeIDE/plugins/com.st.stm32cube.ide.mcu.externaltools.gnu-tools-for-stm32.11.3.rel1.win32_1.1.100.202309141235/tools/bin/../lib/gcc/arm-none-eabi/11.3.1/../../../../arm-none-eabi/lib/thumb/v7e-m+fp/hard\libc_nano.a(libc_a-mprec.o)
                0x000000000800ab54                __mdiff
 .text.__d2b    0x000000000800ac68       0xb4 C:/ST/STM32CubeIDE_1.14.0/STM32CubeIDE/plugins/com.st.stm32cube.ide.mcu.externaltools.gnu-tools-for-stm32.11.3.rel1.win32_1.1.100.202309141235/tools/bin/../lib/gcc/arm-none-eabi/11.3.1/../../../../arm-none-eabi/lib/thumb/v7e-m+fp/hard\libc_nano.a(libc_a-mprec.o)
                0x000000000800ac68                __d2b
 .text.__sfputc_r
                0x000000000800ad1c       0x2e C:/ST/STM32CubeIDE_1.14.0/STM32CubeIDE/plugins/com.st.stm32cube.ide.mcu.externaltools.gnu-tools-for-stm32.11.3.rel1.win32_1.1.100.202309141235/tools/bin/../lib/gcc/arm-none-eabi/11.3.1/../../../../arm-none-eabi/lib/thumb/v7e-m+fp/hard\libc_nano.a(libc_a-nano-vfprintf.o)
 .text.__sfputs_r
                0x000000000800ad4a       0x24 C:/ST/STM32CubeIDE_1.14.0/STM32CubeIDE/plugins/com.st.stm32cube.ide.mcu.externaltools.gnu-tools-for-stm32.11.3.rel1.win32_1.1.100.202309141235/tools/bin/../lib/gcc/arm-none-eabi/11.3.1/../../../../arm-none-eabi/lib/thumb/v7e-m+fp/hard\libc_nano.a(libc_a-nano-vfprintf.o)
                0x000000000800ad4a                __sfputs_r
 *fill*         0x000000000800ad6e        0x2 
 .text._vfprintf_r
                0x000000000800ad70      0x234 C:/ST/STM32CubeIDE_1.14.0/STM32CubeIDE/plugins/com.st.stm32cube.ide.mcu.externaltools.gnu-tools-for-stm32.11.3.rel1.win32_1.1.100.202309141235/tools/bin/../lib/gcc/arm-none-eabi/11.3.1/../../../../arm-none-eabi/lib/thumb/v7e-m+fp/hard\libc_nano.a(libc_a-nano-vfprintf.o)
                0x000000000800ad70                _vfprintf_r
                0x000000000800ad70                _vfiprintf_r
 .text.__sflush_r
                0x000000000800afa4      0x10c C:/ST/STM32CubeIDE_1.14.0/STM32CubeIDE/plugins/com.st.stm32cube.ide.mcu.externaltools.gnu-tools-for-stm32.11.3.rel1.win32_1.1.100.202309141235/tools/bin/../lib/gcc/arm-none-eabi/11.3.1/../../../../arm-none-eabi/lib/thumb/v7e-m+fp/hard\libc_nano.a(libc_a-fflush.o)
                0x000000000800afa4                __sflush_r
 .text._fflush_r
                0x000000000800b0b0       0x50 C:/ST/STM32CubeIDE_1.14.0/STM32CubeIDE/plugins/com.st.stm32cube.ide.mcu.externaltools.gnu-tools-for-stm32.11.3.rel1.win32_1.1.100.202309141235/tools/bin/../lib/gcc/arm-none-eabi/11.3.1/../../../../arm-none-eabi/lib/thumb/v7e-m+fp/hard\libc_nano.a(libc_a-fflush.o)
                0x000000000800b0b0                _fflush_r
 .text.fprintf  0x000000000800b100       0x24 C:/ST/STM32CubeIDE_1.14.0/STM32CubeIDE/plugins/com.st.stm32cube.ide.mcu.externaltools.gnu-tools-for-stm32.11.3.rel1.win32_1.1.100.202309141235/tools/bin/../lib/gcc/arm-none-eabi/11.3.1/../../../../arm-none-eabi/lib/thumb/v7e-m+fp/hard\libc_nano.a(libc_a-fprintf.o)
                0x000000000800b100                fiprintf
                0x000000000800b100                fprintf
 .text.__swhatbuf_r
                0x000000000800b124       0x4c C:/ST/STM32CubeIDE_1.14.0/STM32CubeIDE/plugins/com.st.stm32cube.ide.mcu.externaltools.gnu-tools-for-stm32.11.3.rel1.win32_1.1.100.202309141235/tools/bin/../lib/gcc/arm-none-eabi/11.3.1/../../../../arm-none-eabi/lib/thumb/v7e-m+fp/hard\libc_nano.a(libc_a-makebuf.o)
                0x000000000800b124                __swhatbuf_r
 .text.__smakebuf_r
                0x000000000800b170       0x78 C:/ST/STM32CubeIDE_1.14.0/STM32CubeIDE/plugins/com.st.stm32cube.ide.mcu.externaltools.gnu-tools-for-stm32.11.3.rel1.win32_1.1.100.202309141235/tools/bin/../lib/gcc/arm-none-eabi/11.3.1/../../../../arm-none-eabi/lib/thumb/v7e-m+fp/hard\libc_nano.a(libc_a-makebuf.o)
                0x000000000800b170                __smakebuf_r
 .text._fstat_r
                0x000000000800b1e8       0x24 C:/ST/STM32CubeIDE_1.14.0/STM32CubeIDE/plugins/com.st.stm32cube.ide.mcu.externaltools.gnu-tools-for-stm32.11.3.rel1.win32_1.1.100.202309141235/tools/bin/../lib/gcc/arm-none-eabi/11.3.1/../../../../arm-none-eabi/lib/thumb/v7e-m+fp/hard\libc_nano.a(libc_a-fstatr.o)
                0x000000000800b1e8                _fstat_r
 .text._isatty_r
                0x000000000800b20c       0x20 C:/ST/STM32CubeIDE_1.14.0/STM32CubeIDE/plugins/com.st.stm32cube.ide.mcu.externaltools.gnu-tools-for-stm32.11.3.rel1.win32_1.1.100.202309141235/tools/bin/../lib/gcc/arm-none-eabi/11.3.1/../../../../arm-none-eabi/lib/thumb/v7e-m+fp/hard\libc_nano.a(libc_a-isattyr.o)
                0x000000000800b20c                _isatty_r
 .text._sbrk_r  0x000000000800b22c       0x20 C:/ST/STM32CubeIDE_1.14.0/STM32CubeIDE/plugins/com.st.stm32cube.ide.mcu.externaltools.gnu-tools-for-stm32.11.3.rel1.win32_1.1.100.202309141235/tools/bin/../lib/gcc/arm-none-eabi/11.3.1/../../../../arm-none-eabi/lib/thumb/v7e-m+fp/hard\libc_nano.a(libc_a-sbrkr.o)
                0x000000000800b22c                _sbrk_r
 .text.abort    0x000000000800b24c        0xe C:/ST/STM32CubeIDE_1.14.0/STM32CubeIDE/plugins/com.st.stm32cube.ide.mcu.externaltools.gnu-tools-for-stm32.11.3.rel1.win32_1.1.100.202309141235/tools/bin/../lib/gcc/arm-none-eabi/11.3.1/../../../../arm-none-eabi/lib/thumb/v7e-m+fp/hard\libc_nano.a(libc_a-abort.o)
                0x000000000800b24c                abort
 .text._calloc_r
                0x000000000800b25a       0x2c C:/ST/STM32CubeIDE_1.14.0/STM32CubeIDE/plugins/com.st.stm32cube.ide.mcu.externaltools.gnu-tools-for-stm32.11.3.rel1.win32_1.1.100.202309141235/tools/bin/../lib/gcc/arm-none-eabi/11.3.1/../../../../arm-none-eabi/lib/thumb/v7e-m+fp/hard\libc_nano.a(libc_a-callocr.o)
                0x000000000800b25a                _calloc_r
 .text.__ascii_mbtowc
                0x000000000800b286       0x24 C:/ST/STM32CubeIDE_1.14.0/STM32CubeIDE/plugins/com.st.stm32cube.ide.mcu.externaltools.gnu-tools-for-stm32.11.3.rel1.win32_1.1.100.202309141235/tools/bin/../lib/gcc/arm-none-eabi/11.3.1/../../../../arm-none-eabi/lib/thumb/v7e-m+fp/hard\libc_nano.a(libc_a-mbtowc_r.o)
                0x000000000800b286                __ascii_mbtowc
 .text.__ascii_wctomb
                0x000000000800b2aa       0x1a C:/ST/STM32CubeIDE_1.14.0/STM32CubeIDE/plugins/com.st.stm32cube.ide.mcu.externaltools.gnu-tools-for-stm32.11.3.rel1.win32_1.1.100.202309141235/tools/bin/../lib/gcc/arm-none-eabi/11.3.1/../../../../arm-none-eabi/lib/thumb/v7e-m+fp/hard\libc_nano.a(libc_a-wctomb_r.o)
                0x000000000800b2aa                __ascii_wctomb
 .text._raise_r
                0x000000000800b2c4       0x50 C:/ST/STM32CubeIDE_1.14.0/STM32CubeIDE/plugins/com.st.stm32cube.ide.mcu.externaltools.gnu-tools-for-stm32.11.3.rel1.win32_1.1.100.202309141235/tools/bin/../lib/gcc/arm-none-eabi/11.3.1/../../../../arm-none-eabi/lib/thumb/v7e-m+fp/hard\libc_nano.a(libc_a-signal.o)
                0x000000000800b2c4                _raise_r
 .text.raise    0x000000000800b314       0x10 C:/ST/STM32CubeIDE_1.14.0/STM32CubeIDE/plugins/com.st.stm32cube.ide.mcu.externaltools.gnu-tools-for-stm32.11.3.rel1.win32_1.1.100.202309141235/tools/bin/../lib/gcc/arm-none-eabi/11.3.1/../../../../arm-none-eabi/lib/thumb/v7e-m+fp/hard\libc_nano.a(libc_a-signal.o)
                0x000000000800b314                raise
 .text._kill_r  0x000000000800b324       0x24 C:/ST/STM32CubeIDE_1.14.0/STM32CubeIDE/plugins/com.st.stm32cube.ide.mcu.externaltools.gnu-tools-for-stm32.11.3.rel1.win32_1.1.100.202309141235/tools/bin/../lib/gcc/arm-none-eabi/11.3.1/../../../../arm-none-eabi/lib/thumb/v7e-m+fp/hard\libc_nano.a(libc_a-signalr.o)
                0x000000000800b324                _kill_r
 .text._getpid_r
                0x000000000800b348        0x4 C:/ST/STM32CubeIDE_1.14.0/STM32CubeIDE/plugins/com.st.stm32cube.ide.mcu.externaltools.gnu-tools-for-stm32.11.3.rel1.win32_1.1.100.202309141235/tools/bin/../lib/gcc/arm-none-eabi/11.3.1/../../../../arm-none-eabi/lib/thumb/v7e-m+fp/hard\libc_nano.a(libc_a-signalr.o)
                0x000000000800b348                _getpid_r
 .text.atan2    0x000000000800b34c        0x4 C:/ST/STM32CubeIDE_1.14.0/STM32CubeIDE/plugins/com.st.stm32cube.ide.mcu.externaltools.gnu-tools-for-stm32.11.3.rel1.win32_1.1.100.202309141235/tools/bin/../lib/gcc/arm-none-eabi/11.3.1/../../../../arm-none-eabi/lib/thumb/v7e-m+fp/hard\libm.a(libm_a-w_atan2.o)
                0x000000000800b34c                atan2
 .text.log10    0x000000000800b350       0x7c C:/ST/STM32CubeIDE_1.14.0/STM32CubeIDE/plugins/com.st.stm32cube.ide.mcu.externaltools.gnu-tools-for-stm32.11.3.rel1.win32_1.1.100.202309141235/tools/bin/../lib/gcc/arm-none-eabi/11.3.1/../../../../arm-none-eabi/lib/thumb/v7e-m+fp/hard\libm.a(libm_a-w_log10.o)
                0x000000000800b350                log10
 .text.pow      0x000000000800b3cc       0xe0 C:/ST/STM32CubeIDE_1.14.0/STM32CubeIDE/plugins/com.st.stm32cube.ide.mcu.externaltools.gnu-tools-for-stm32.11.3.rel1.win32_1.1.100.202309141235/tools/bin/../lib/gcc/arm-none-eabi/11.3.1/../../../../arm-none-eabi/lib/thumb/v7e-m+fp/hard\libm.a(libm_a-w_pow.o)
                0x000000000800b3cc                pow
 .text.sqrt     0x000000000800b4ac       0x58 C:/ST/STM32CubeIDE_1.14.0/STM32CubeIDE/plugins/com.st.stm32cube.ide.mcu.externaltools.gnu-tools-for-stm32.11.3.rel1.win32_1.1.100.202309141235/tools/bin/../lib/gcc/arm-none-eabi/11.3.1/../../../../arm-none-eabi/lib/thumb/v7e-m+fp/hard\libm.a(libm_a-w_sqrt.o)
                0x000000000800b4ac                sqrt
 .text.finite   0x000000000800b504       0x16 C:/ST/STM32CubeIDE_1.14.0/STM32CubeIDE/plugins/com.st.stm32cube.ide.mcu.externaltools.gnu-tools-for-stm32.11.3.rel1.win32_1.1.100.202309141235/tools/bin/../lib/gcc/arm-none-eabi/11.3.1/../../../../arm-none-eabi/lib/thumb/v7e-m+fp/hard\libm.a(libm_a-s_finite.o)
                0x000000000800b504                finite
 *fill*         0x000000000800b51a        0x6 
 .text.nan      0x000000000800b520       0x10 C:/ST/STM32CubeIDE_1.14.0/STM32CubeIDE/plugins/com.st.stm32cube.ide.mcu.externaltools.gnu-tools-for-stm32.11.3.rel1.win32_1.1.100.202309141235/tools/bin/../lib/gcc/arm-none-eabi/11.3.1/../../../../arm-none-eabi/lib/thumb/v7e-m+fp/hard\libm.a(libm_a-s_nan.o)
                0x000000000800b520                nan
 .text.__ieee754_sqrt
                0x000000000800b530      0x1b4 C:/ST/STM32CubeIDE_1.14.0/STM32CubeIDE/plugins/com.st.stm32cube.ide.mcu.externaltools.gnu-tools-for-stm32.11.3.rel1.win32_1.1.100.202309141235/tools/bin/../lib/gcc/arm-none-eabi/11.3.1/../../../../arm-none-eabi/lib/thumb/v7e-m+fp/hard\libm.a(libm_a-e_sqrt.o)
                0x000000000800b530                __ieee754_sqrt
 *fill*         0x000000000800b6e4        0x4 
 .text.__ieee754_atan2
                0x000000000800b6e8      0x18c C:/ST/STM32CubeIDE_1.14.0/STM32CubeIDE/plugins/com.st.stm32cube.ide.mcu.externaltools.gnu-tools-for-stm32.11.3.rel1.win32_1.1.100.202309141235/tools/bin/../lib/gcc/arm-none-eabi/11.3.1/../../../../arm-none-eabi/lib/thumb/v7e-m+fp/hard\libm.a(libm_a-e_atan2.o)
                0x000000000800b6e8                __ieee754_atan2
 *fill*         0x000000000800b874        0x4 
 .text.__ieee754_log10
                0x000000000800b878      0x114 C:/ST/STM32CubeIDE_1.14.0/STM32CubeIDE/plugins/com.st.stm32cube.ide.mcu.externaltools.gnu-tools-for-stm32.11.3.rel1.win32_1.1.100.202309141235/tools/bin/../lib/gcc/arm-none-eabi/11.3.1/../../../../arm-none-eabi/lib/thumb/v7e-m+fp/hard\libm.a(libm_a-e_log10.o)
                0x000000000800b878                __ieee754_log10
 *fill*         0x000000000800b98c        0x4 
 .text.__ieee754_pow
                0x000000000800b990      0xa54 C:/ST/STM32CubeIDE_1.14.0/STM32CubeIDE/plugins/com.st.stm32cube.ide.mcu.externaltools.gnu-tools-for-stm32.11.3.rel1.win32_1.1.100.202309141235/tools/bin/../lib/gcc/arm-none-eabi/11.3.1/../../../../arm-none-eabi/lib/thumb/v7e-m+fp/hard\libm.a(libm_a-e_pow.o)
                0x000000000800b990                __ieee754_pow
 *fill*         0x000000000800c3e4        0x4 
 .text.atan     0x000000000800c3e8      0x340 C:/ST/STM32CubeIDE_1.14.0/STM32CubeIDE/plugins/com.st.stm32cube.ide.mcu.externaltools.gnu-tools-for-stm32.11.3.rel1.win32_1.1.100.202309141235/tools/bin/../lib/gcc/arm-none-eabi/11.3.1/../../../../arm-none-eabi/lib/thumb/v7e-m+fp/hard\libm.a(libm_a-s_atan.o)
                0x000000000800c3e8                atan
 .text.fabs     0x000000000800c728       0x12 C:/ST/STM32CubeIDE_1.14.0/STM32CubeIDE/plugins/com.st.stm32cube.ide.mcu.externaltools.gnu-tools-for-stm32.11.3.rel1.win32_1.1.100.202309141235/tools/bin/../lib/gcc/arm-none-eabi/11.3.1/../../../../arm-none-eabi/lib/thumb/v7e-m+fp/hard\libm.a(libm_a-s_fabs.o)
                0x000000000800c728                fabs
 *fill*         0x000000000800c73a        0x6 
 .text.scalbn   0x000000000800c740       0xfc C:/ST/STM32CubeIDE_1.14.0/STM32CubeIDE/plugins/com.st.stm32cube.ide.mcu.externaltools.gnu-tools-for-stm32.11.3.rel1.win32_1.1.100.202309141235/tools/bin/../lib/gcc/arm-none-eabi/11.3.1/../../../../arm-none-eabi/lib/thumb/v7e-m+fp/hard\libm.a(libm_a-s_scalbn.o)
                0x000000000800c740                scalbn
 .text.with_errno
                0x000000000800c83c       0x14 C:/ST/STM32CubeIDE_1.14.0/STM32CubeIDE/plugins/com.st.stm32cube.ide.mcu.externaltools.gnu-tools-for-stm32.11.3.rel1.win32_1.1.100.202309141235/tools/bin/../lib/gcc/arm-none-eabi/11.3.1/../../../../arm-none-eabi/lib/thumb/v7e-m+fp/hard\libm.a(libm_a-math_err.o)
 .text.xflow    0x000000000800c850       0x28 C:/ST/STM32CubeIDE_1.14.0/STM32CubeIDE/plugins/com.st.stm32cube.ide.mcu.externaltools.gnu-tools-for-stm32.11.3.rel1.win32_1.1.100.202309141235/tools/bin/../lib/gcc/arm-none-eabi/11.3.1/../../../../arm-none-eabi/lib/thumb/v7e-m+fp/hard\libm.a(libm_a-math_err.o)
 .text.__math_uflow
                0x000000000800c878       0x12 C:/ST/STM32CubeIDE_1.14.0/STM32CubeIDE/plugins/com.st.stm32cube.ide.mcu.externaltools.gnu-tools-for-stm32.11.3.rel1.win32_1.1.100.202309141235/tools/bin/../lib/gcc/arm-none-eabi/11.3.1/../../../../arm-none-eabi/lib/thumb/v7e-m+fp/hard\libm.a(libm_a-math_err.o)
                0x000000000800c878                __math_uflow
 .text.__math_oflow
                0x000000000800c88a       0x12 C:/ST/STM32CubeIDE_1.14.0/STM32CubeIDE/plugins/com.st.stm32cube.ide.mcu.externaltools.gnu-tools-for-stm32.11.3.rel1.win32_1.1.100.202309141235/tools/bin/../lib/gcc/arm-none-eabi/11.3.1/../../../../arm-none-eabi/lib/thumb/v7e-m+fp/hard\libm.a(libm_a-math_err.o)
                0x000000000800c88a                __math_oflow
 *fill*         0x000000000800c89c        0x4 
 .text.__ieee754_log
                0x000000000800c8a0      0x374 C:/ST/STM32CubeIDE_1.14.0/STM32CubeIDE/plugins/com.st.stm32cube.ide.mcu.externaltools.gnu-tools-for-stm32.11.3.rel1.win32_1.1.100.202309141235/tools/bin/../lib/gcc/arm-none-eabi/11.3.1/../../../../arm-none-eabi/lib/thumb/v7e-m+fp/hard\libm.a(libm_a-e_log.o)
                0x000000000800c8a0                __ieee754_log
 *(.glue_7)
 .glue_7        0x000000000800cc14        0x0 linker stubs
 *(.glue_7t)
 .glue_7t       0x000000000800cc14        0x0 linker stubs
 *(.eh_frame)
 .eh_frame      0x000000000800cc14        0x0 C:/ST/STM32CubeIDE_1.14.0/STM32CubeIDE/plugins/com.st.stm32cube.ide.mcu.externaltools.gnu-tools-for-stm32.11.3.rel1.win32_1.1.100.202309141235/tools/bin/../lib/gcc/arm-none-eabi/11.3.1/thumb/v7e-m+fp/hard/crtbegin.o
 *(.init)
 .init          0x000000000800cc14        0x4 C:/ST/STM32CubeIDE_1.14.0/STM32CubeIDE/plugins/com.st.stm32cube.ide.mcu.externaltools.gnu-tools-for-stm32.11.3.rel1.win32_1.1.100.202309141235/tools/bin/../lib/gcc/arm-none-eabi/11.3.1/thumb/v7e-m+fp/hard/crti.o
                0x000000000800cc14                _init
 .init          0x000000000800cc18        0x8 C:/ST/STM32CubeIDE_1.14.0/STM32CubeIDE/plugins/com.st.stm32cube.ide.mcu.externaltools.gnu-tools-for-stm32.11.3.rel1.win32_1.1.100.202309141235/tools/bin/../lib/gcc/arm-none-eabi/11.3.1/thumb/v7e-m+fp/hard/crtn.o
 *(.fini)
 .fini          0x000000000800cc20        0x4 C:/ST/STM32CubeIDE_1.14.0/STM32CubeIDE/plugins/com.st.stm32cube.ide.mcu.externaltools.gnu-tools-for-stm32.11.3.rel1.win32_1.1.100.202309141235/tools/bin/../lib/gcc/arm-none-eabi/11.3.1/thumb/v7e-m+fp/hard/crti.o
                0x000000000800cc20                _fini
 .fini          0x000000000800cc24        0x8 C:/ST/STM32CubeIDE_1.14.0/STM32CubeIDE/plugins/com.st.stm32cube.ide.mcu.externaltools.gnu-tools-for-stm32.11.3.rel1.win32_1.1.100.202309141235/tools/bin/../lib/gcc/arm-none-eabi/11.3.1/thumb/v7e-m+fp/hard/crtn.o
                0x000000000800cc2c                . = ALIGN (0x4)
                0x000000000800cc2c                _etext = .

.vfp11_veneer   0x000000000800cc2c        0x0
 .vfp11_veneer  0x000000000800cc2c        0x0 linker stubs

.v4_bx          0x000000000800cc2c        0x0
 .v4_bx         0x000000000800cc2c        0x0 linker stubs

.iplt           0x000000000800cc2c        0x0
 .iplt          0x000000000800cc2c        0x0 C:/ST/STM32CubeIDE_1.14.0/STM32CubeIDE/plugins/com.st.stm32cube.ide.mcu.externaltools.gnu-tools-for-stm32.11.3.rel1.win32_1.1.100.202309141235/tools/bin/../lib/gcc/arm-none-eabi/11.3.1/thumb/v7e-m+fp/hard/crtbegin.o

.rodata         0x000000000800cc30      0x698
                0x000000000800cc30                . = ALIGN (0x4)
 *(.rodata)
 .rodata        0x000000000800cc30      0x208 ./AD5940Lib/Src/ad5940.o
 .rodata        0x000000000800ce38       0x1b ./Core/Src/AD5940Main.o
 *fill*         0x000000000800ce53        0x1 
 .rodata        0x000000000800ce54       0x38 ./Core/Src/main.o
 .rodata        0x000000000800ce8c        0x7 ./Core/Src/printf-stdarg.o
 *(.rodata*)
 *fill*         0x000000000800ce93        0x1 
 .rodata.AHBPrescTable
                0x000000000800ce94       0x10 ./Core/Src/system_stm32f4xx.o
                0x000000000800ce94                AHBPrescTable
 .rodata.APBPrescTable
                0x000000000800cea4        0x8 ./Core/Src/system_stm32f4xx.o
                0x000000000800cea4                APBPrescTable
 .rodata.flagBitshiftOffset.0
                0x000000000800ceac        0x8 ./Drivers/STM32F4xx_HAL_Driver/Src/stm32f4xx_hal_dma.o
 .rodata._printf_float.str1.1
                0x000000000800ceb4       0x12 C:/ST/STM32CubeIDE_1.14.0/STM32CubeIDE/plugins/com.st.stm32cube.ide.mcu.externaltools.gnu-tools-for-stm32.11.3.rel1.win32_1.1.100.202309141235/tools/bin/../lib/gcc/arm-none-eabi/11.3.1/../../../../arm-none-eabi/lib/thumb/v7e-m+fp/hard\libc_nano.a(libc_a-nano-vfprintf_float.o)
 .rodata._printf_i.str1.1
                0x000000000800cec6       0x22 C:/ST/STM32CubeIDE_1.14.0/STM32CubeIDE/plugins/com.st.stm32cube.ide.mcu.externaltools.gnu-tools-for-stm32.11.3.rel1.win32_1.1.100.202309141235/tools/bin/../lib/gcc/arm-none-eabi/11.3.1/../../../../arm-none-eabi/lib/thumb/v7e-m+fp/hard\libc_nano.a(libc_a-nano-vfprintf_i.o)
 .rodata.__assert_func.str1.1
                0x000000000800cee8       0x3c C:/ST/STM32CubeIDE_1.14.0/STM32CubeIDE/plugins/com.st.stm32cube.ide.mcu.externaltools.gnu-tools-for-stm32.11.3.rel1.win32_1.1.100.202309141235/tools/bin/../lib/gcc/arm-none-eabi/11.3.1/../../../../arm-none-eabi/lib/thumb/v7e-m+fp/hard\libc_nano.a(libc_a-assert.o)
                                         0x3d (size before relaxing)
 .rodata._dtoa_r.str1.1
                0x000000000800cf24       0x8d C:/ST/STM32CubeIDE_1.14.0/STM32CubeIDE/plugins/com.st.stm32cube.ide.mcu.externaltools.gnu-tools-for-stm32.11.3.rel1.win32_1.1.100.202309141235/tools/bin/../lib/gcc/arm-none-eabi/11.3.1/../../../../arm-none-eabi/lib/thumb/v7e-m+fp/hard\libc_nano.a(libc_a-dtoa.o)
                                         0x8f (size before relaxing)
 .rodata._Balloc.str1.1
                0x000000000800cfb1       0x59 C:/ST/STM32CubeIDE_1.14.0/STM32CubeIDE/plugins/com.st.stm32cube.ide.mcu.externaltools.gnu-tools-for-stm32.11.3.rel1.win32_1.1.100.202309141235/tools/bin/../lib/gcc/arm-none-eabi/11.3.1/../../../../arm-none-eabi/lib/thumb/v7e-m+fp/hard\libc_nano.a(libc_a-mprec.o)
                                         0x70 (size before relaxing)
 .rodata.__multadd.str1.1
                0x000000000800d00a       0x11 C:/ST/STM32CubeIDE_1.14.0/STM32CubeIDE/plugins/com.st.stm32cube.ide.mcu.externaltools.gnu-tools-for-stm32.11.3.rel1.win32_1.1.100.202309141235/tools/bin/../lib/gcc/arm-none-eabi/11.3.1/../../../../arm-none-eabi/lib/thumb/v7e-m+fp/hard\libc_nano.a(libc_a-mprec.o)
 *fill*         0x000000000800d00a        0x6 
 .rodata.__mprec_bigtens
                0x000000000800d010       0x28 C:/ST/STM32CubeIDE_1.14.0/STM32CubeIDE/plugins/com.st.stm32cube.ide.mcu.externaltools.gnu-tools-for-stm32.11.3.rel1.win32_1.1.100.202309141235/tools/bin/../lib/gcc/arm-none-eabi/11.3.1/../../../../arm-none-eabi/lib/thumb/v7e-m+fp/hard\libc_nano.a(libc_a-mprec.o)
                0x000000000800d010                __mprec_bigtens
 .rodata.__mprec_tens
                0x000000000800d038       0xc8 C:/ST/STM32CubeIDE_1.14.0/STM32CubeIDE/plugins/com.st.stm32cube.ide.mcu.externaltools.gnu-tools-for-stm32.11.3.rel1.win32_1.1.100.202309141235/tools/bin/../lib/gcc/arm-none-eabi/11.3.1/../../../../arm-none-eabi/lib/thumb/v7e-m+fp/hard\libc_nano.a(libc_a-mprec.o)
                0x000000000800d038                __mprec_tens
 .rodata.p05.0  0x000000000800d100        0xc C:/ST/STM32CubeIDE_1.14.0/STM32CubeIDE/plugins/com.st.stm32cube.ide.mcu.externaltools.gnu-tools-for-stm32.11.3.rel1.win32_1.1.100.202309141235/tools/bin/../lib/gcc/arm-none-eabi/11.3.1/../../../../arm-none-eabi/lib/thumb/v7e-m+fp/hard\libc_nano.a(libc_a-mprec.o)
 .rodata._vfprintf_r.str1.1
                0x000000000800d10c       0x11 C:/ST/STM32CubeIDE_1.14.0/STM32CubeIDE/plugins/com.st.stm32cube.ide.mcu.externaltools.gnu-tools-for-stm32.11.3.rel1.win32_1.1.100.202309141235/tools/bin/../lib/gcc/arm-none-eabi/11.3.1/../../../../arm-none-eabi/lib/thumb/v7e-m+fp/hard\libc_nano.a(libc_a-nano-vfprintf.o)
 .rodata._setlocale_r.str1.1
                0x000000000800d11d        0x8 C:/ST/STM32CubeIDE_1.14.0/STM32CubeIDE/plugins/com.st.stm32cube.ide.mcu.externaltools.gnu-tools-for-stm32.11.3.rel1.win32_1.1.100.202309141235/tools/bin/../lib/gcc/arm-none-eabi/11.3.1/../../../../arm-none-eabi/lib/thumb/v7e-m+fp/hard\libc_nano.a(libc_a-locale.o)
                                          0x9 (size before relaxing)
 .rodata.str1.1
                0x000000000800d125        0x2 C:/ST/STM32CubeIDE_1.14.0/STM32CubeIDE/plugins/com.st.stm32cube.ide.mcu.externaltools.gnu-tools-for-stm32.11.3.rel1.win32_1.1.100.202309141235/tools/bin/../lib/gcc/arm-none-eabi/11.3.1/../../../../arm-none-eabi/lib/thumb/v7e-m+fp/hard\libc_nano.a(libc_a-locale.o)
 .rodata._ctype_
                0x000000000800d127      0x101 C:/ST/STM32CubeIDE_1.14.0/STM32CubeIDE/plugins/com.st.stm32cube.ide.mcu.externaltools.gnu-tools-for-stm32.11.3.rel1.win32_1.1.100.202309141235/tools/bin/../lib/gcc/arm-none-eabi/11.3.1/../../../../arm-none-eabi/lib/thumb/v7e-m+fp/hard\libc_nano.a(libc_a-ctype_.o)
                0x000000000800d127                _ctype_
 .rodata.log10.str1.1
                0x000000000800d228        0x1 C:/ST/STM32CubeIDE_1.14.0/STM32CubeIDE/plugins/com.st.stm32cube.ide.mcu.externaltools.gnu-tools-for-stm32.11.3.rel1.win32_1.1.100.202309141235/tools/bin/../lib/gcc/arm-none-eabi/11.3.1/../../../../arm-none-eabi/lib/thumb/v7e-m+fp/hard\libm.a(libm_a-w_log10.o)
 .rodata.CSWTCH.8
                0x000000000800d228       0x18 C:/ST/STM32CubeIDE_1.14.0/STM32CubeIDE/plugins/com.st.stm32cube.ide.mcu.externaltools.gnu-tools-for-stm32.11.3.rel1.win32_1.1.100.202309141235/tools/bin/../lib/gcc/arm-none-eabi/11.3.1/../../../../arm-none-eabi/lib/thumb/v7e-m+fp/hard\libm.a(libm_a-e_atan2.o)
 .rodata.CSWTCH.9
                0x000000000800d240       0x18 C:/ST/STM32CubeIDE_1.14.0/STM32CubeIDE/plugins/com.st.stm32cube.ide.mcu.externaltools.gnu-tools-for-stm32.11.3.rel1.win32_1.1.100.202309141235/tools/bin/../lib/gcc/arm-none-eabi/11.3.1/../../../../arm-none-eabi/lib/thumb/v7e-m+fp/hard\libm.a(libm_a-e_atan2.o)
 .rodata.bp     0x000000000800d258       0x10 C:/ST/STM32CubeIDE_1.14.0/STM32CubeIDE/plugins/com.st.stm32cube.ide.mcu.externaltools.gnu-tools-for-stm32.11.3.rel1.win32_1.1.100.202309141235/tools/bin/../lib/gcc/arm-none-eabi/11.3.1/../../../../arm-none-eabi/lib/thumb/v7e-m+fp/hard\libm.a(libm_a-e_pow.o)
 .rodata.dp_h   0x000000000800d268       0x10 C:/ST/STM32CubeIDE_1.14.0/STM32CubeIDE/plugins/com.st.stm32cube.ide.mcu.externaltools.gnu-tools-for-stm32.11.3.rel1.win32_1.1.100.202309141235/tools/bin/../lib/gcc/arm-none-eabi/11.3.1/../../../../arm-none-eabi/lib/thumb/v7e-m+fp/hard\libm.a(libm_a-e_pow.o)
 .rodata.dp_l   0x000000000800d278       0x10 C:/ST/STM32CubeIDE_1.14.0/STM32CubeIDE/plugins/com.st.stm32cube.ide.mcu.externaltools.gnu-tools-for-stm32.11.3.rel1.win32_1.1.100.202309141235/tools/bin/../lib/gcc/arm-none-eabi/11.3.1/../../../../arm-none-eabi/lib/thumb/v7e-m+fp/hard\libm.a(libm_a-e_pow.o)
 .rodata.atanhi
                0x000000000800d288       0x20 C:/ST/STM32CubeIDE_1.14.0/STM32CubeIDE/plugins/com.st.stm32cube.ide.mcu.externaltools.gnu-tools-for-stm32.11.3.rel1.win32_1.1.100.202309141235/tools/bin/../lib/gcc/arm-none-eabi/11.3.1/../../../../arm-none-eabi/lib/thumb/v7e-m+fp/hard\libm.a(libm_a-s_atan.o)
 .rodata.atanlo
                0x000000000800d2a8       0x20 C:/ST/STM32CubeIDE_1.14.0/STM32CubeIDE/plugins/com.st.stm32cube.ide.mcu.externaltools.gnu-tools-for-stm32.11.3.rel1.win32_1.1.100.202309141235/tools/bin/../lib/gcc/arm-none-eabi/11.3.1/../../../../arm-none-eabi/lib/thumb/v7e-m+fp/hard\libm.a(libm_a-s_atan.o)
                0x000000000800d2c8                . = ALIGN (0x4)

.ARM.extab      0x000000000800d2c8        0x0
                0x000000000800d2c8                . = ALIGN (0x4)
 *(.ARM.extab* .gnu.linkonce.armextab.*)
                0x000000000800d2c8                . = ALIGN (0x4)

.ARM            0x000000000800d2c8        0x8
                0x000000000800d2c8                . = ALIGN (0x4)
                0x000000000800d2c8                __exidx_start = .
 *(.ARM.exidx*)
 .ARM.exidx     0x000000000800d2c8        0x8 C:/ST/STM32CubeIDE_1.14.0/STM32CubeIDE/plugins/com.st.stm32cube.ide.mcu.externaltools.gnu-tools-for-stm32.11.3.rel1.win32_1.1.100.202309141235/tools/bin/../lib/gcc/arm-none-eabi/11.3.1/thumb/v7e-m+fp/hard\libgcc.a(_udivmoddi4.o)
                0x000000000800d2d0                __exidx_end = .
                0x000000000800d2d0                . = ALIGN (0x4)

.rel.dyn        0x000000000800d2d0        0x0
 .rel.iplt      0x000000000800d2d0        0x0 C:/ST/STM32CubeIDE_1.14.0/STM32CubeIDE/plugins/com.st.stm32cube.ide.mcu.externaltools.gnu-tools-for-stm32.11.3.rel1.win32_1.1.100.202309141235/tools/bin/../lib/gcc/arm-none-eabi/11.3.1/thumb/v7e-m+fp/hard/crtbegin.o

.preinit_array  0x000000000800d2d0        0x0
                0x000000000800d2d0                . = ALIGN (0x4)
                0x000000000800d2d0                PROVIDE (__preinit_array_start = .)
 *(.preinit_array*)
                0x000000000800d2d0                PROVIDE (__preinit_array_end = .)
                0x000000000800d2d0                . = ALIGN (0x4)

.init_array     0x000000000800d2d0        0x4
                0x000000000800d2d0                . = ALIGN (0x4)
                0x000000000800d2d0                PROVIDE (__init_array_start = .)
 *(SORT_BY_NAME(.init_array.*))
 *(.init_array*)
 .init_array    0x000000000800d2d0        0x4 C:/ST/STM32CubeIDE_1.14.0/STM32CubeIDE/plugins/com.st.stm32cube.ide.mcu.externaltools.gnu-tools-for-stm32.11.3.rel1.win32_1.1.100.202309141235/tools/bin/../lib/gcc/arm-none-eabi/11.3.1/thumb/v7e-m+fp/hard/crtbegin.o
                0x000000000800d2d4                PROVIDE (__init_array_end = .)
                0x000000000800d2d4                . = ALIGN (0x4)

.fini_array     0x000000000800d2d4        0x4
                0x000000000800d2d4                . = ALIGN (0x4)
                [!provide]                        PROVIDE (__fini_array_start = .)
 *(SORT_BY_NAME(.fini_array.*))
 *(.fini_array*)
 .fini_array    0x000000000800d2d4        0x4 C:/ST/STM32CubeIDE_1.14.0/STM32CubeIDE/plugins/com.st.stm32cube.ide.mcu.externaltools.gnu-tools-for-stm32.11.3.rel1.win32_1.1.100.202309141235/tools/bin/../lib/gcc/arm-none-eabi/11.3.1/thumb/v7e-m+fp/hard/crtbegin.o
                [!provide]                        PROVIDE (__fini_array_end = .)
                0x000000000800d2d8                . = ALIGN (0x4)
                0x000000000800d2d8                _sidata = LOADADDR (.data)

.data           0x0000000020000000      0x5d8 load address 0x000000000800d2d8