../Core/Src/main.c:35:5:main	1
../Core/Src/main.c:77:6:Error_Handler	1
../Core/Src/main.c:126:6:serial_reading	12
../Core/Src/main.c:238:6:SystemClock_Config	3
../Core/Src/main.c:277:6:MCUPlatformInit	2
../Core/Src/main.c:312:13:MX_DMA_Init	1
../Core/Src/main.c:325:6:HAL_UART_RxCpltCallback	1
C:\ST\STM32CubeIDE_1.14.0\STM32CubeIDE\plugins\com.st.stm32cube.ide.mcu.externaltools.gnu-tools-for-stm32.11.3.rel1.win32_1.1.100.202309141235\tools\bin/../lib/gcc/arm-none-eabi/11.3.1/../../../../arm-none-eabi/include/stdio.h:224:5:fputc	1
