10:54:08 **** Incremental Build of configuration Debug for project impedance_uart ****
make -j8 all 
arm-none-eabi-gcc "../Core/Src/AD5940Main.c" -mcpu=cortex-m4 -std=gnu11 -g3 -DDEBUG -DUSE_HAL_DRIVER -DSTM32F401xE -c -I../Core/Inc -I../AD5940Lib/Inc -I../Drivers/STM32F4xx_HAL_Driver/Inc -I../Drivers/STM32F4xx_HAL_Driver/Inc/Legacy -I../Drivers/CMSIS/Device/ST/STM32F4xx/Include -I../Drivers/CMSIS/Include -O0 -ffunction-sections -fdata-sections -Wall -fstack-usage -fcyclomatic-complexity -MMD -MP -MF"Core/Src/AD5940Main.d" -MT"Core/Src/AD5940Main.o" --specs=nano.specs -mfpu=fpv4-sp-d16 -mfloat-abi=hard -mthumb -o "Core/Src/AD5940Main.o"
arm-none-eabi-gcc "../Core/Src/BodyImpedance.c" -mcpu=cortex-m4 -std=gnu11 -g3 -DDEBUG -DUSE_HAL_DRIVER -DSTM32F401xE -c -I../Core/Inc -I../AD5940Lib/Inc -I../Drivers/STM32F4xx_HAL_Driver/Inc -I../Drivers/STM32F4xx_HAL_Driver/Inc/Legacy -I../Drivers/CMSIS/Device/ST/STM32F4xx/Include -I../Drivers/CMSIS/Include -O0 -ffunction-sections -fdata-sections -Wall -fstack-usage -fcyclomatic-complexity -MMD -MP -MF"Core/Src/BodyImpedance.d" -MT"Core/Src/BodyImpedance.o" --specs=nano.specs -mfpu=fpv4-sp-d16 -mfloat-abi=hard -mthumb -o "Core/Src/BodyImpedance.o"
arm-none-eabi-gcc -o "impedance_uart.elf" @"objects.list"   -mcpu=cortex-m4 -T"C:\matt\PFE\PFE Suivi de Fermentation 2023\Codes\stm\impedance_uart\STM32F401RETX_FLASH.ld" --specs=nosys.specs -Wl,-Map="impedance_uart.map" -Wl,--gc-sections -static --specs=nano.specs -mfpu=fpv4-sp-d16 -mfloat-abi=hard -mthumb -u _printf_float -Wl,--start-group -lc -lm -Wl,--end-group
Finished building target: impedance_uart.elf
 
arm-none-eabi-size  impedance_uart.elf 
arm-none-eabi-objdump -h -S impedance_uart.elf  > "impedance_uart.list"
   text	   data	    bss	    dec	    hex	filename
  53952	   1504	   4312	  59768	   e978	impedance_uart.elf
Finished building: default.size.stdout
 
Finished building: impedance_uart.list
 
