16:55:32 **** Incremental Build of configuration Debug for project reception_uart ****
make -j8 all 
arm-none-eabi-gcc "../Core/Src/printf-stdarg.c" -mcpu=cortex-m4 -std=gnu11 -g3 -DDEBUG -DUSE_HAL_DRIVER -DSTM32F401xE -c -I../Core/Inc -I../AD5940Lib/Inc -I../Drivers/STM32F4xx_HAL_Driver/Inc -I../Drivers/STM32F4xx_HAL_Driver/Inc/Legacy -I../Drivers/CMSIS/Device/ST/STM32F4xx/Include -I../Drivers/CMSIS/Include -O0 -ffunction-sections -fdata-sections -Wall -fstack-usage -MMD -MP -MF"Core/Src/printf-stdarg.d" -MT"Core/Src/printf-stdarg.o" --specs=nano.specs -mfpu=fpv4-sp-d16 -mfloat-abi=hard -mthumb -o "Core/Src/printf-stdarg.o"
arm-none-eabi-gcc -o "reception_uart.elf" @"objects.list"   -mcpu=cortex-m4 -T"P:\PFE_valentin_2021\programme\stm\reception_uart\STM32F401RETX_FLASH.ld" --specs=nosys.specs -Wl,-Map="reception_uart.map" -Wl,--gc-sections -static --specs=nano.specs -mfpu=fpv4-sp-d16 -mfloat-abi=hard -mthumb -Wl,--start-group -lc -lm -Wl,--end-group
Finished building target: reception_uart.elf
 
arm-none-eabi-objdump -h -S  reception_uart.elf  > "reception_uart.list"
arm-none-eabi-objcopy  -O binary  reception_uart.elf  "reception_uart.bin"
arm-none-eabi-size   reception_uart.elf 
   text	   data	    bss	    dec	    hex	filename
  43048	   1132	   3988	  48168	   bc28	reception_uart.elf
Finished building: default.size.stdout
 
Finished building: reception_uart.bin
 
Finished building: reception_uart.list
 

16:55:39 Build Finished. 0 errors, 0 warnings. (took 7s.625ms)

